[import-music8-artists] artists-list E:/m8/public/data/artists.json entries 6966
[update] not 4339dcd6-bb13-462c-9dce-a9f396b04c37 $NOT
[update] tarface 89f1209b-af9e-4346-965a-934b9e4aff54 $TARFACE
[update] uicideboy c3e0247a-2e3d-49c1-870c-f048e3fece5d $UICIDEBOY$
[update] nsync c1999adb-d636-44db-a8e9-28ebd81a8416 *NSYNC
[update] 44 52e4f0a7-959b-4a7d-b377-562de2e4e9bf +44
[update] j-balvin 137bfee3-8866-4efe-867c-c493b7b5da7f +J Balvin
[update] 03-greedo 342d32e5-c8eb-4839-9313-a59993359b85 03 Greedo
[update] 070-shake dbfda896-a619-41a9-a1ea-527566b5541d 070 Shake
[update] 0wave d92143ea-bd35-46fa-b847-ee880eb25572 0WAVE
[update] 10-years 9830292d-b555-4590-bf5c-7af2415e9ca4 10 Years
[update] 100-gecs 775ab7dc-a821-4e49-af1b-591d0743e08f 100 gecs
[update] 10cc 932e1e74-140a-4797-b6fb-b36293fb1975 10cc
[update] 112 50667489-462a-4269-9913-c1cd38b3dfc8 112
[update] 1975 abce14a2-d8f2-48ba-9303-7e56cc18dace The 1975
[update] 1991 a89c8a0e-39f4-4580-92e3-658ebad2ea17 1991
[update] 1999-write-the-future 45661333-64bc-49da-9e3b-fceb03f046ef 1999 WRITE THE FUTURE
[update] 2-chainz 6a145a2f-4dc9-4fd0-98f1-654fd327f09d 2 Chainz
[update] 21-savage 45a21b3d-a25f-4044-aa9f-d7dae2ad7307 21 Savage
[update] 220-kid 63cddc6f-7ae4-4707-83f0-900d9dddcb65 220 Kid
[update] 22bullets 2f35f9a3-1900-4de0-b222-1b196e54ea9d 22Bullets
[update] 24kgoldn d2748ae0-48db-4395-bba7-00e4fab4814a 24kGoldn
[update] 257ers eae0af52-8dbc-4069-9d9d-0a8be559b31c 257ers
[update] 2byg 223c2206-974a-4b1e-bab9-2b3c2372901b 2BYG
[update] 2hollis 7029361e-1740-40d0-b1e6-964c5a0e120e 2hollis
[update] 2pac 14f41236-c4d8-4e44-852b-59e87a96bc4d 2Pac
[update] 2point1 6fa28a42-c6e0-4065-ab78-21f134fd4edb 2Point1
[update] 2wei 1de3548d-5d02-46e1-85cc-624d96b9bc92 2WEI
[update] 3-man-island 6deee391-8d6a-4914-ac5e-72e35890893b 3 Man Island
[update] 311 3108d54c-e575-4d56-a49e-fb706d3c8e24 311
[update] 360 f8ad571c-07ff-4f14-8f2d-65f42b231bc0 360
[update] 38-special 0d2e78a8-3cd5-42bb-9a6d-7e1e6d1e3149 38 Special
[update] 3quency 828c0ddb-97d4-405c-a161-bcf20e7f52d8 3Quency
[update] 3rd-wall 7b9febfe-93ec-4b92-9290-0538aa555d21 3rd Wall
[update] 3teeth da4b4e0f-4c72-498a-a798-1975cbf601c2 3TEETH
[update] 408 4152eaa1-519a-46ef-93b2-ee34c08b39fb 408
[update] 42-dugg a58757b1-4796-4ac6-aa5d-13adf1af7dd5 42 Dugg
[update] 44phantom 2335a79b-c3e4-436c-bd88-9e466aecf558 44phantom
[update] 4batz b09de93e-9395-46ab-b7c8-ba407116874c 4batz
[update] 4eve 23abcbfd-6397-4a3e-bfc7-7e64f9e1f93f 4EVE
[update] 4s4ki 3e9487db-3b24-419b-8214-67f4b816be05 4s4ki
[update] 5sos 587d5433-0f7c-46cf-9ad5-c6ba96e69ed7 5 Seconds of Summer
[update] 50-cent 9e41b157-7e88-4692-8630-abbc618166b3 50 Cent
[update] 54-ultra be03b377-29b5-450a-bc9f-cd8ecc228f48 54 Ultra
[update] 60-ft-dolls f8472d8a-8c07-4636-8da3-21913baa3b6e 60 Ft Dolls
[update] 69-eyes 43bb165e-9246-4f8c-abb5-01d8ea1dbaae The 69 Eyes
[update] 6arelyhuman dc2c861b-a3a4-4425-8a06-adc73f4747a0 6arelyhuman
[update] 6ix9ine 26814b4d-0529-4b8a-b05c-362dfd81eaed 6ix9ine
[update] 6lack 2ac53162-27cf-427e-a62c-0b701aef940a 6LACK
[update] 808-state 1f32470b-c63e-493e-8ffb-5be5c82d9fd4 808 State
[update] 8485 6e8aeaa5-d143-46ab-b71f-113ad558dd2b 8485
[update] 88rising e3ba45d1-3fd9-4089-918e-0f9e7a1cde44 88rising
[update] 89ers aa341966-d569-43b3-a641-2da58822e8a1 89ers
[update] 911 92ea0fcb-7fd3-4add-9c8d-df825e981b8f 911
[update] 93feetofsmoke dadfac74-3a07-4b8f-8ca0-a1c9e8826227 93FEETOFSMOKE
[update] 98-degrees fdf6f4b2-b95c-48c2-97bc-07948c3b50ff 98 Degrees
[update] 98 919e9b59-5ece-4332-82fd-1fd7e066889e 98ﾂｰ
[update] a-boogie-wit-da-hoodie 1a4443ef-63c0-4026-8a1c-32f4213045a8 A Boogie Wit Da Hoodie
[update] a-day-to-remember 83ae698a-2d73-4d20-92d0-e60eca3a9549 A Day to Remember
[update] flock-of-seagulls 2555c23a-9a2c-455f-9d14-b21b0a9d55cf A Flock Of Seagulls
[update] a-killers-confession 07d36b5c-ff49-46ef-968c-d79d02d1af69 A Killer's Confession
[update] a-little-sound 4e059be3-35d0-4b36-94bb-cdd370ef3156 A Little Sound
[update] a-r-i-z-o-n-a 53c7520a-de4d-4ec6-a2fb-446c734e7b0e A R I Z O N A
[update] a-taste-of-honey 00f1f07e-bbd1-47a8-923a-9ee0c2d3511c A Taste Of Honey
[update] a-tergo-lupi e6281c46-7680-4177-980e-65fb95d4ef24 A Tergo Lupi
[update] aka 29ba8bb3-c17d-4b8d-8e83-df90efbedc17 a!ka
[update] asap-ferg b8270b93-0d6d-4b44-bfba-f8ea9fd8180b A$AP Ferg
[update] asap-rocky 4edeab1b-b4b1-433a-8c4a-dc0d123aac14 A$AP Rocky
[update] a-ha 32746dca-230d-42c6-adeb-9d694910a499 a-ha
[update] a-z b0ded47d-e772-402e-a9f4-de1e30edaa33 A-Z
[update] a-g-cook 455e3805-0bd2-4d08-8ed8-4ac7f24ffc63 A. G. Cook
[update] a-k-paul ec5476f8-dc9c-4e96-9832-92c9035fe792 A. K. Paul
[update] a-a-williams 1ea38b3d-6b9f-4815-a6f2-d783050716c6 A.A. WILLIAMS
[update] a-chal 88807cee-0f07-4338-b832-69d4f8b9e93d A.CHAL
[update] a-g b8b45b90-352e-4ee5-8df6-77888289a6d8 A.G
[update] a1-j1 a3bef205-36e1-40d3-9d2a-c732fbf03315 A1 x J1
[update] a7s 904da39e-f065-460f-85d7-6c64b8a2331f A7S
[update] aaliyah b6460757-2d3d-4e7f-8f61-1841bf80f8ce Aaliyah
[update] aaron-cole 006b222e-4315-42db-a7d5-9648693a7be0 Aaron Cole
[update] aaron-lewis 8fc5a0d9-f7db-49f1-8d98-a55b5e215d4b Aaron Lewis
[update] aaron-sevilla bff0b1cf-84ea-4694-9b09-3801384094d7 Aaron Sevilla
[update] aaryan-shah 538a9c44-4404-4335-8825-6b72193655dd Aaryan Shah
[update] aatig c2458aa5-4621-4fda-84ae-ffcf335ee862 Aatig
[update] ab-soul 9cf906ab-1026-40c0-b722-0c5e7add2e87 Ab-Soul
[update] abby-paradise 0552f02b-8a17-4a29-9e19-03754a017a9a Abby Paradise
[update] abc 771e6b90-d17e-4b20-a15f-4614eb025474 ABC
[update] abel-balder 093300e0-5505-43d3-9186-8f5a4f4655c3 Abel Balder
[update] abel-york c7a870bc-8a31-4cc7-b546-08eefa6af306 Abel York
[update] abi-flynn fc8e4799-2ff8-4700-baaa-acb52e7416d4 Abi Flynn
[update] about-us a1375842-83a3-4c6c-9570-486056a5cdd7 About Us
[update] above-beyond b44e5b64-5822-4b15-88c7-a15d83e9b867 Above & Beyond
[update] absnt-mind f7f85761-516d-451c-88fa-f28bda7f6429 Absnt Mind
[update] absolutely 06c23613-e52c-4b9b-abc2-affcab3fea61 Absolutely
[update] ac-dc 701ec3b4-4fa9-4abc-aa0d-594fc71ec2a5 AC/DC
[update] academy-is 597161c3-b40a-4492-803b-50b2648a2ab9 The Academy Is...
[update] accept 48fb1c45-0664-4fb1-8689-96a3fa6a0d44 Accept
[update] accvsed a2d31005-16dc-4790-bb8e-7231fa5078ae ACCVSED
[update] ace-frehley d9a831f4-f1a1-4373-a341-9755931fbf3f Ace Frehley
[update] ace-hood 23b46cdb-0a33-4511-b49b-0b81d43f7785 Ace Hood
[update] ace-of-base f72f1e8d-4369-44a3-b4ed-b08f3a216423 Ace of Base
[update] ace-ventura 71415d90-f14c-48ce-b3a0-e593cd39ce89 Ace Ventura
[update] aces 08ed434f-a663-4650-9355-2b006887283a The Aces
[update] acid-arab b2645ce2-1bc1-4c9e-9a2e-dd72e9e2ce2f Acid Arab
[update] acraze 6c18c052-c0b3-4862-87d8-518f9fa3c6ca ACRAZE
[update] action-bronson 02425b79-a1cf-46b1-a5cc-28511bc7a265 Action Bronson
[update] ad-infinitum 4f4d6ccd-8623-4c14-8313-8ed9ff824bac AD INFINITUM
[update] adam-and-the-ants 12a78b3e-77b6-4879-9aba-2a3cb1f64143 Adam & The Ants
[update] adam-ant 05e3c467-a5d9-488d-960f-f1de3e6af59d Adam Ant
[update] adam-calhoun 54924b60-7908-43d6-95be-451f1a740251 Adam Calhoun
[update] adam-lambert 86749d10-54b1-4b94-b611-fa6f8ed150aa Adam Lambert
[update] adam-port 415ce281-62df-4005-b016-ee1b32e2f362 Adam Port
[update] adam-wakeman d42851ec-6554-4323-bc17-122bb1271cd5 Adam Wakeman
[update] adanna-duru 2d097e59-160f-4d3a-9f2c-ea422130ed82 Adanna Duru
[update] addison-rae 2dff8ae1-4b56-462f-b77c-0e609177a54c Addison Rae
[update] adekunle-gold 9082428b-3ef4-41b1-98dd-8115e7dd25e0 Adekunle Gold
[update] adela 901a0e0d-1989-49c9-852c-96d118c30bf6 ADﾃ鵜A
[update] adele 87b76289-2ebb-44a2-9a36-cc66e4491897 Adele
[update] adeleye-omotayo cd85ff79-205b-4bdc-9cda-eb49460692ae Adeleye Omotayo
[update] adept 7d59f3fa-2e8b-4160-8eda-7c856531791f ADEPT
[update] adi-oasis 72f787d7-2755-4881-ab75-9b68f2067cde Adi Oasis
[update] adina-butar 81f629cb-3910-4524-84ea-96f131e92622 Adina Butar
[update] ado 2d3a3a5f-ce81-4a30-a9e1-eb422b3f901e Ado
[update] adrian-quesada b51bdebd-f3ac-4ed9-9e30-1868058e5110 Adrian Quesada
[update] adriana-evans c8950baf-e602-4f32-9e06-f344c499a69a Adriana Evans
[update] adrianne-lenker c5239485-2fda-40c1-ada1-f5dbc7d8685a Adrianne Lenker
[update] adriel-favela f7b3eb83-6294-476e-b1bf-741286bbdb7f Adriel Favela
[update] adult-dvd 814181c8-1231-4e1a-b5d7-5b22eb32d276 Adult DVD
[update] adventures-of-stevie-v 103292ca-2259-4385-8dec-29234194f7f5 Adventures of Stevie V
[update] aeon-gods 724ecd7f-8492-4291-932f-73fd9137237e AEON GODS
[update] aerosmith 0e77f899-2f26-4c41-9dd7-f8414384fdad Aerosmith
[update] afi 62a6304d-5661-40ff-a34b-524aec3e96cf AFI
[update] african-reggae-machine 6fa34eb8-ec01-4506-912f-f94240b99410 African Reggae Machine
[update] afrika-bambaataa ee742dfa-2665-42eb-90aa-a528fb3ec940 Afrika Bambaataa
[update] afrojack f3a8bb1c-6547-40bc-be65-b00ffdac1944 Afrojack
[update] afroman f61144a4-d5e1-4a77-a2d3-55dc295bb382 Afroman
[update] after 167540f7-8f1a-4ba0-93dd-720950543be9 After
[update] after-the-fire 53738b52-82da-4a1b-961c-0f52088e1f87 After The Fire
[update] against-the-current ffab2586-8bd5-49c8-b0a1-4b475ed4c81c Against The Current
[update] age-sten-nilsen 3e1fa4d0-9d79-4c63-9d92-0ecc2376ecc2 Age Sten Nilsen
[update] agmon a160ebfb-45c5-428a-aba8-602f17d39a4b Agmon
[update] agnes 2f4ca1b2-38e2-4745-84c1-ba3fdfe71bc8 Agnes
[update] agnes-obel 57e22346-fc5b-4c70-a9cf-156bc482bd37 Agnes Obel
[update] agriculture fb7eddde-fc01-46ad-b5cd-a3cb257c6ab3 Agriculture
[update] agsy b6945361-b81b-4c9e-97e4-9342d16f6526 Agsy
[update] ahmed-romel 05b144de-f402-4dc8-b944-f8284281e1eb Ahmed Romel
[update] ahmed-spins 2785a9d8-ab7e-480e-926b-6de6221904c9 Ahmed Spins
[update] ahn-hyo-seop ce660d5f-81e8-4136-bb60-84187a5def7d Ahn Hyo-seop
[update] ahrix 06dc19dd-9930-47e0-a680-31dbcee948a8 Ahrix
[update] aidan-bissett e91d4497-2cf3-4b43-be49-bcd6c7ad260a Aidan Bissett
[update] aidan-kim 932f32a8-8ebd-4e57-b7e3-94ae5a7c9f0f Aidan Kim
[update] aidonia bf49faec-0f9f-46bc-bc62-7b338389cced Aidonia
[update] aidyl 6b40c433-1610-4f60-b29d-4618c81bfcb2 AIDYL
[update] aiko b115dfc8-0900-4609-9f18-acdd52e72b88 Aiko
[update] aion 36a7f633-3c9a-4d03-85f2-ed2b8fc29f7d Aion
[update] air 3540a467-f6b1-4230-ac94-1f91a3551852 Air
[update] air-drawn-dagger 70bf7239-69b9-4ed1-b36e-6aa0ec9ad60c Air Drawn Dagger
[update] air-supply f609460a-bdd1-486a-807e-107f206213c6 Air Supply
[update] airbourne 787bc3ef-15b3-4ce7-9c62-c18fdfae9002 Airbourne
[update] airports ea79902c-f84d-496c-adc5-c332829bebf8 Airports
[update] aitana 8a2f332f-7207-48aa-99b5-317d1e822546 Aitana
[update] aitch a6438c16-a6fb-4279-bc5e-6223c7bbb89b Aitch
[update] aj-mitchell 3880397c-8f82-4abc-89be-77b7086b94e6 AJ Mitchell
[update] aj-tracey cb0e13ad-6589-4ca3-b522-53d270df23e5 AJ Tracey
[update] ajr 465daedc-3b0e-4260-9c8f-7d2185d4b7d7 AJR
[update] akcent 71f3e038-652e-4766-8f33-edf3baac9afb Akcent
[update] akeem-ali 99c74fef-82ad-4099-a7a9-18b73f98ebb9 Akeem Ali
[update] akini-jing 8074e1c0-3236-40af-b73e-14f51643121d Akini Jing
[update] akon 84435636-9a2f-46af-8671-343095a09cd1 Akon
[update] akras 67c99af3-c5f8-4c5d-8ce3-81c23ad7d43f AKRAS
[update] akriila 289ce7b9-91f8-4ea1-92c2-9483f3fdd42b AKRIILA
[update] al-green f5794d26-d040-44fe-94c3-caf6dbb337ba Al Green
[update] al-stewart 53d6dd6b-b22e-44cb-ab11-f1c46fb6ff56 Al Stewart
[update] alabama-shakes 85c99a74-3c99-42d6-a070-ec580a029f24 Alabama Shakes
[update] alai-landa 79b4d4d7-8fb4-4ed8-bd26-146a07eb501e Alaﾃｯ Landa
[update] alamat af8187a3-ab03-456a-9949-1d57e0b7b2e6 ALAMAT
[update] alan-fitzpatrick 209623e9-7625-4863-a6d2-db391fe9f9e8 Alan Fitzpatrick
[update] alan-parsons 455125ba-7b84-4181-a32a-86810c394849 Alan Parsons
[update] alan-parsons-project 0aa0d6a3-1a57-4fcf-bfde-19267bcb3502 Alan Parsons Project
[update] alan-walker 1e605327-d52e-48e0-a8e6-dfe341ac86bb Alan Walker
[update] alana-springsteen 69524c04-12f6-470a-970f-b423c223004f Alana Springsteen
[update] alana-wilkinson b27dee3a-7ea5-44a1-8c13-2b6e9df642f3 Alana Wilkinson
[update] alanis-morissette 9fbddab9-3bdd-4d1e-8f1d-b6d2ee8ef9c9 Alanis Morissette
[update] alarm 974cd743-a3ea-4dd5-9064-446e500c75a9 Alarm
[update] alaska-thunderfuck d482c880-1822-4e6f-b780-4a735b26dd98 Alaska Thunderfuck
[update] albert-hammond-jr 30917809-fc07-42dd-aca6-909fc796f7dc Albert Hammond Jr.
[update] alcemist e1620181-2c64-414d-9c7a-997ef0d4aa82 Alcemist
[update] alcest e1f9058b-d431-4b5c-95c9-0026d53b9b8d ALCEST
[update] alchemist 2ed2f3fb-7465-4d46-898b-e8e51a75c849 The Alchemist
[update] aldae e03252b3-b0e6-4971-8442-0225bdc5ffe8 Aldae
[update] aldo-nova a33953ee-806c-4b87-a1f0-9047d1be1d9a Aldo Nova
[update] aldous-harding 724d0dcb-b869-440b-91db-50790352ff26 Aldous Harding
[update] alec-benjamin e2426fe9-0c36-4c40-90c6-6c50b62e32f8 Alec Benjamin
[update] alemeda 78011af1-a07f-4ff7-bfb6-87e78fbe223c Alemeda
[update] alesha-dixon 5ce19aec-c6c3-4541-badb-4aedbe2419da Alesha Dixon
[update] alessandra f91ac479-6281-4617-9843-11798716a15c Alessandra
[update] alessi-rose 4a8fd26e-bf76-43a0-81df-62bd07b04173 Alessi Rose
[update] alessia-cara b08e4c24-9273-4706-840b-8b1a8d2e2039 Alessia Cara
[update] alessia-labate 4a42a31f-cba9-4e20-bd2d-5eced285d1b5 Alessia Labate
[update] alesso f391b6b7-1b65-4547-b9cb-9d232621ba4c Alesso
[update] alestorm 8da796f8-7921-4299-bdce-ece5078cdf79 Alestorm
[update] alewya 5bbecc16-8cb5-4bdb-ba2f-f4599a201e32 Alewya
[update] alex-bone bcf5b2a0-beee-45ef-8b82-4414a4dc01e3 Alex Bone
[update] alex-christensen db8bab93-d6c6-4058-82df-9680f7b56f8a Alex Christensen
[update] alex-g dd74c118-ab71-4bda-b171-ed4ac11b82c1 Alex G
[update] alex-gaskarth ab0cb964-8edc-4b79-948b-28e3c23db597 Alex Gaskarth
[update] alex-henry-foster 9ff2a7ff-76ae-4bae-8ba3-abe647fb598a Alex Henry Foster
[update] alex-isley b7781e09-3ce4-4550-b1c2-70770d31c842 Alex Isley
[update] alex-jean 50be1317-0688-4143-b253-8154e577b3cd Alex Jean
[update] alex-lemirage 0d019366-6fa6-43dc-ba6e-c1906063563c Alex LeMirage
[update] alex-newell 5cbdc708-c885-4b21-b6e3-aa41dff72100 Alex Newell
[update] alex-sampson e77dcebb-3ce2-4f22-92d8-a6be6c08280b Alex Sampson
[update] alex-schulz 62a5311c-2b62-4f3e-ba0e-add92ee55403 Alex Schulz
[update] alex-terrible b221d73c-81c7-4ae4-8012-f167fcc0324f Alex Terrible
[update] alex-trimble 3dc29c66-14cc-4770-b212-ec1edcfbf7c5 Alex Trimble
[update] alex-turner 3e7b070a-b144-4875-aa91-8f045ba37fa3 Alex Turner
[update] alex-warren 4456b422-b5c8-4c2f-9cd5-eb031f7d2382 Alex Warren
[update] alex-yarmak a70648b2-4894-4424-9712-74b78baa77a8 Alex Yarmak
[update] alexa-cappelli a4fabcb1-944f-436b-a796-36724af0d059 Alexa Cappelli
[update] alexander-23 1cc94963-ea9e-491c-8c31-8a9bda07b00e Alexander 23
[update] alexander-james 4fb4f910-2e07-4cce-bc54-30161860dc67 Alexander James
[update] alexander-stewart 1544a5f7-22d5-4005-9f38-215167828644 Alexander Stewart
[update] alexandra-stan c88d819e-a57b-477e-94f7-4d931eb02401 Alexandra Stan
[update] alexia-evellyn 69470946-cec5-4509-9db2-ed13e9ff8c8e Alexia Evellyn
[update] alexis-roberts 5fe818d4-3057-466f-80aa-bdd52c9303cb Alexis Roberts
[update] alexisonfire 041fb9a1-2499-4dbc-bae9-f00581582a5b Alexisonfire
[update] alexsucks 613dee73-1416-498c-acad-4115f75d9ec1 ALEXSUCKS
[update] aleyna-tilki 83a468f8-94ff-4e1f-a761-caf2274d1aeb Aleyna Tilki
[update] alfie-sheard d099454f-6575-43b7-ae7b-4014dfb0cee3 Alfie Sheard
[update] alfie-templeman e14a7218-1292-498b-9a0f-9f5c84d0652a Alfie Templeman
[update] algorithm 5505fd6b-1368-4960-b1ea-e9cbaf2d7401 Algorithm
[update] ali-gipp 8a47dd7c-c9a1-480d-8a38-029f3e75c5c4 Ali & Gipp
[update] ali-gatie ab4123e6-2c35-4f30-8141-4dfc24373e63 Ali Gatie
[update] alice-auer c77eb3a2-358e-43d4-84da-97d83114d0c8 Alice Auer
[update] alice-chater e12396d9-863b-4bad-8baa-06248021aa86 Alice Chater
[update] alice-cooper 9266d567-2fbd-435e-b063-06d764df1dc0 Alice Cooper
[update] alice-glass 884e0a95-44bd-4b7c-8e6f-cf324546c252 Alice Glass
[update] alice-longyu-gao 77760135-c740-40c6-a825-27effe60041c Alice Longyu Gao
[update] alice-merton 968914c3-3c32-4349-ba62-7e49ebbe7c8a Alice Merton
[update] alicia-creti 9cc44298-1374-4887-85b3-f5ef975d2beb Alicia Creti
[update] alicia-keys 617ba855-4333-4325-b97f-459339b93407 Alicia Keys
[update] alien-ant-farm 0127423a-aea8-44c2-9971-873e21592427 Alien Ant Farm
[update] alika 98ef74d4-6a15-4c49-8308-777e1b665e86 Alika
[update] alina-baraz f2543a88-6eb4-45f9-96e8-4bc2a7a14d1b Alina Baraz
[update] alina-pash 4f6cfef3-6674-46f8-ba34-b608e716db72 Alina Pash
[update] alison-goldfrapp 87edbf9c-8de5-4c5c-a103-8820bac8cffd Alison Goldfrapp
[update] alison-mosshart 4caf418f-9f97-4d2c-9f3f-402a840267b1 Alison Mosshart
[update] alison-moyet 655e2992-946c-47f5-807b-1960e1d98d22 Alison Moyet
[update] alison-wonderland 4fd05e19-abc5-46a7-9806-3eeadbfe62d0 Alison Wonderland
[update] alissa-white-gluz 9ec172af-cd7e-48d5-bce1-2e26830f7714 Alissa White-Gluz
[update] alissia e873332f-4a86-4130-ae78-840f21e69190 Alissia
[update] alissic 3b4baa38-2651-498a-8b09-6c58ec227f66 Alissic
[update] aliyahs-interlude 426fd8f3-9c88-4195-aa69-037b92101830 Aliyah's Interlude
[update] aliyahs-interlude-2 0022d109-a56a-4491-ac74-faa7a82ccfe0 Aliyah窶冱 Interlude
[update] alkaline-trio 33de98f2-b012-4d56-85c1-a780ce0c37db Alkaline Trio
[update] all-for-metal 7869a13b-4014-43aa-aac2-0b61180d01a9 All for Metal
[update] all-good-things e9763db0-09e4-4f8c-af9a-e67931fd954b All Good Things
[update] all-my-shadows 83ab9cac-6b13-4528-b974-8dc6bf5ba10b All My Shadows
[update] all-saints adde6343-3d83-4793-9f82-fd3617a5c37a All Saints
[update] all-that-remains 20cf9a20-b0b5-4130-bdc0-bcd60a1b8252 All That Remains
[update] all-time-low 66118d59-5057-4267-ae25-60fbe10d3b44 All Time Low
[update] all-4-one 615a2dac-adb6-4ea8-b5ef-af0d4d665c82 All-4-One
[update] all-american-rejects e042ea56-dbe2-44bf-982a-1a862b0f4978 The All-American Rejects
[update] allday 50e53c64-6484-41fa-b74d-030fb859198f Allday
[update] alle-farben 3d513819-1ec5-4121-bc98-440c5939cef7 Alle Farben
[update] allen-stone bacde33a-a2f2-4bf8-b395-6281737c4c71 Allen Stone
[update] alleycvt 36b7b01f-1f36-493d-90f8-ae827383ee5d ALLEYCVT
[update] alli-walker a7a99333-528e-4915-b78b-ea8b6364d8f6 Alli Walker
[update] allie-sherlock dfb33507-20d0-4e1a-aed4-db1e814665bf Allie Sherlock
[update] allie-x 57f5a549-ac52-4150-8ee9-2ce42d946cb4 Allie X
[update] alligatoah b0071327-1049-4f17-afdc-9d734cb2ee3f Alligatoah
[update] allison-kane 80bc9d73-918b-40f8-8977-19529e24d4f2 Allison Kane
[update] allison-russell 9294defb-c556-4ed7-92c0-ee8ed038b61c Allison Russell
[update] allt 6a101319-1698-4446-bf1a-31b0c0d6e360 Allt
[update] ally-nicholas 5abcbb5e-ba2b-4bcd-8aec-0774d396482e Ally Nicholas
[update] ally-salort 0534fc92-7ace-46cb-85e0-ee58e9c550ea Ally Salort
[update] almondot-gain e0d7be3e-f8ba-4585-85bb-afca1bb7a850 ALMONDot GAIN
[update] almost-monday 788621c4-70e5-4e02-84f8-747eb972b34e Almost Monday
[update] alna e27d6ffa-9cbf-4098-a52d-84c57939e1b1 Alna
[update] aloe-blacc 896ef5a1-ed76-40b9-addb-cef5f0b44fdd Aloe Blacc
[update] alok dc0256a5-b76b-403c-80c9-4a668136af07 Alok
[update] alone-in-my-room 8f5367d4-38f4-4c7b-8535-291a7f2d2b1b Alone in My Room
[update] alpha-blondy 39a532f0-d235-4f74-bb3c-ec07fffcaf84 Alpha Blondy
[update] alphaville 34d3b1bf-1cbf-4549-bf7a-716ba55f2410 Alphaville
[update] alt-blk-era 075fb85e-9c8b-4ccc-8b56-a34f3474333e ALT BLK ERA
[update] alt-j d6e5c334-f5ac-4c65-a249-3dbb8ac21506 alt-J
[update] alter-bridge 0638bbf0-6f88-4704-9bfc-0641d68402a0 Alter Bridge
[update] altin-gun facb5941-16fd-4e68-b3eb-f893063be9fd Altﾄｱn Gﾃｼn
[update] aluna 7a4bc31e-b76e-40d7-b9e6-5d5e5db71d15 Aluna
[update] alus 7fcc252a-8811-429f-9eb1-18de3e964a34 Alus
[update] alvaro-diaz d8cc0066-8385-4fe5-af85-2b3766e72876 Alvaro Diaz
[update] alvvays 71c290ae-d517-47dc-a02a-e894ecc6a894 Alvvays
[update] aly-aj 7009850d-5030-4d4a-a27d-4bf25782735d Aly & AJ
[update] aly-fila ece24ae1-a274-406b-9ec9-05161f7fa45c Aly & Fila
[update] alyssa 64020bba-45d0-4acc-a0e4-f12fb95d5d7e ALYSSA
[update] ama 456f9a09-6f17-49ea-bc5d-198ae3d8ee02 Ama
[update] ama-lou 8167de75-38e9-4480-9cee-7561ad47c223 Ama Lou
[update] amaarae 3716c72f-ac63-4edb-ae8a-a6fbd64c04ee Amaarae
[update] amadou-mariam 2fe579c5-78cf-4fad-a164-a1612c2acaff Amadou & Mariam
[update] amag 8447578b-3920-4885-966b-391a274ca408 AMAG
[update] amanda-cross 09d6d324-b6c5-451b-afd8-089cde4ecb8d Amanda Cross
[update] amanda-reid 52c738d0-cc5e-402e-a02f-bec7ca7451d6 Amanda Reid
[update] amanda-reifer cf38339c-b00c-4554-b1e2-2f197cd7cc8d Amanda Reifer
[update] amanda-shires e130c8e4-3ccf-4f6d-875c-59577c78a37f Amanda Shires
[update] amanzi eb0a244f-35cf-43e6-8f1a-a7b3ad299097 AMANZI
[update] amar-noir ad8a8557-90c1-45b2-b5ea-addd05b8533c Amar Noir
[update] amaranthe 9175d4bd-1cba-4ed6-9a7a-cff79b8a5ccf AMARANTHE
[update] amaria c14cb330-6551-4fdf-b60a-edadb0aaaf11 Amaria
[update] amber-lee 3ccdc383-351d-43eb-8ee8-217e9bb1af0b Amber Lee
[update] amber-mark ae2c6ad3-4f54-4f71-bd21-cb5b495611f3 Amber Mark
[update] amber-riley 5dd0f9de-2128-446b-a592-78703b74f9be Amber Riley
[update] amberian-dawn f75b675f-f7e4-415e-aeca-1ecd8568b78d Amberian Dawn
[update] ambre 05378db4-35b3-4543-b57c-46738d2313c8 Ambrﾃｩ
[update] ambrose-kenny-smith d75902f9-f01d-49ff-85cf-e694c47eb1f6 Ambrose Kenny-Smith
[update] amel fbad1fe6-0c68-4c49-875f-f03ae458efc8 Amﾃｩl
[update] amelia-barratt 967319c0-460e-4065-be25-b8942196dd43 Amelia Barratt
[update] amelia-moore 91d31759-6e6a-4b42-ba98-8210e3a3f243 Amelia Moore
[update] amelie-lens 2ed393a9-b17f-43ae-b7e8-a11be2d7d6a4 Amelie Lens
[update] american-authors b12f1f4f-6615-4ad7-86f7-d6c8ffc3b4bf American Authors
[update] american-football 380eb9f5-1546-4fd0-82c2-0b633fe9d2ba American Football
[update] amia-brave 4c8263de-9a83-4a84-9cd0-2f74672d6135 Amia Brave
[update] amine 14c33c70-e1bc-4cb9-ab7d-721b29d5fc79 Aminﾃｩ
[update] amira-elfeky 9927ae0b-1381-4cd8-884a-7a328ddd729c Amira Elfeky
[update] amon-amarth cf3f6179-8dba-4781-ad22-70a5c46fa539 Amon Amarth
[update] amorphis 87b46aaa-a552-4762-8047-dafd3fa6fedd AMORPHIS
[update] amtrac 46389b6a-2e8f-43bb-8eb0-44e5b23c530a Amtrac
[update] amy-grant 94881e0c-53da-4a69-ac5e-e40a3659b914 Amy Grant
[update] amy-lee f287702c-3085-447e-b531-adb16f58f780 Amy Lee
[update] amy-macdonald 52b552ae-db29-48d9-ba59-d94f1d30587e Amy Macdonald
[update] amy-millan fda7d281-3025-4656-aa4e-9bdcf4f34c15 Amy Millan
[update] amy-shark 6d551658-8dbe-43bd-aa00-3639398f1f8f Amy Shark
[update] amy-taylor 6cc875b0-3200-4d34-80fc-9cbc387dbbdb Amy Taylor
[update] amy-winehouse d8823087-c76f-474e-b3ae-6413d9005a04 Amy Winehouse
[update] amyl-and-the-sniffers 6b609e45-ec61-4ebc-b167-5f222147edf7 Amyl and The Sniffers
[update] ana 5a99363f-e164-4bca-b8f5-81316a92b64c ANA
[update] ana-matronic e274c11c-cdb3-47e9-9217-a3666c5a2801 Ana Matronic
[update] ana-sky 977fece6-1033-468d-8cab-9ce88b6a4b9f Ana Sky
[update] anastacia 57683b6c-ded3-47b6-a593-4f4fba2f1286 Anastacia
[update] anberlin 3b0c820e-9fec-4697-a262-d952491392fc Anberlin
[update] anderson-paak c17714e5-2a8f-4872-a4a1-93857328db35 Anderson .Paak
[update] ando-san d2d5c579-9ea1-4932-b9f0-054e846a7866 Ando San
[update] andra-day eb887658-2251-411b-b490-b3a636f5d749 Andra Day
[update] andre-3000 c06b313a-5d9d-4be6-bd2b-da29b28d4ead Andrﾃｩ 3000
[update] andre-troutman a87355b3-5056-4fd0-9184-b77b0e094d07 ANDRﾃ・TROUTMAN
[update] andrea-botez 1e23341b-0dde-4cd8-8308-d97c8142130f Andrea Botez
[update] andrew-hellier 62e3eaa5-4538-45ac-85b2-2600b3fe1713 Andrew Hellier
[update] andrew-mcmahon 1ad98d0b-c22d-4092-9221-7d854aabc562 Andrew McMahon in the Wilderness
[update] andrew-rayel e612914a-8b20-4c9e-b3e3-0f6526a27361 Andrew Rayel
[update] andromedik 17f4b093-3d2a-4f19-86ef-73c7fe5bf638 Andromedik
[update] andy-bell 828ee6a4-1450-4c46-b831-44cf45c2a011 Andy Bell
[update] andy-c a261c994-dbbc-48b6-8a57-c57f04268fdf Andy C
[update] andy-grammer 57923e55-c010-40af-a9a7-8a7489df220d Andy Grammer
[update] andy-summers c1aaa605-8d69-4edb-9faf-505a2caee480 Andy Summers
[update] anees 0bf5104e-2314-4506-b914-5bc32c394352 Anees
[update] anette-olzon 6a56ee7a-6bab-499c-bb9e-722e5dd5e466 Anette Olzon
[update] anfisa-letyago 46d622d2-93a6-4400-aa48-dba1ff78a574 Anfisa Letyago
[update] angel-dut def9f51f-08c2-4b15-a436-ad22a17376d0 Angel Du$t
[update] angele 5a693922-0b8c-4ce1-ac7d-1c840f2caa35 Angﾃｨle
[update] angelina-jordan dff1159d-117f-4180-8499-eefb3a69c9bb Angelina Jordan
[update] angels-airwaves 9b0b32a7-b178-4ba1-8b5d-4da13c9311ab Angels & Airwaves
[update] angele-2 1328288f-9476-4986-a17f-cae6e5f02917 Angeﾌle
[update] angie-mcmahon f0b731ec-89fd-4187-b962-aafd6b5c9474 Angie McMahon
[update] angie-stone 80287f83-cd2e-48e8-b3d9-ed4f4a0762b3 Angie Stone
[update] angine-de-poitrine 49ece883-7f4a-4a65-9615-d9afca040ec3 Angine de Poitrine
[update] angra e9c0018a-702d-4e0c-8e44-d13a360bf236 ANGRA
[update] angus-julia-stone 30885c40-2161-4e38-bdf3-a1320ad23122 Angus & Julia Stone
[update] angus-mcsix 04859491-ed6d-4b3a-adf6-235e3f463ecf ANGUS McSix
[update] anh-phan b1eb1a24-59ca-4aed-9f94-357f6a3145ba Anh Phan
[update] anica-russo bbdf509b-cb4f-491d-a6fe-2663288c16a3 Anica Russo
[update] animotion 644c7f7c-4d2c-4dae-ac4a-368c4c6df6e8 Animotion
[update] anita-b-queen c180cbf7-0b7c-4082-aebb-7128c6727e8a Anita B Queen
[update] anitta d036268b-99cd-4686-ae42-23d723c9f1e6 Anitta
[update] anjulie 4e759655-10d5-4019-aaf8-9dc739a3ddfe Anjulie
[update] ankhoi 3efc62ff-21a3-4213-a140-4d48af0adf63 Ankhoﾃｯ
[update] ankor c1d6b6dc-796b-4615-a42a-fab76fb1084b ANKOR
[update] ann-marie f142f8fe-7512-4899-ab19-74f2e635b774 Ann Marie
[update] ann-wilson b2674609-966d-4f16-9f31-a3cc6bf8c3ba Ann Wilson
[update] anna-calvi 25ab3bfa-16e5-4915-bd2d-47a6a62f5c57 Anna Calvi
[update] anna-grey c0416638-97ae-4758-8c33-0de7aaf87bb8 Anna Grey
[update] anna-kendrick a642446f-3e46-462d-b2dd-cd71b4b5604e Anna Kendrick
[update] anna-lotterud fb63545e-8565-4114-a9a7-8509089e0f76 Anna Lotterud
[update] anna-margo 423b2ce4-b769-4cdc-8dcd-3c2ff1b39fdf Anna Margo
[update] anna-sofia 11c85706-3ba8-4d18-9430-3619f3b93ed2 Anna Sofia
[update] anna-timofei ed93a31a-106c-44af-8758-657e6dda2df6 Anna Timofei
[update] anna-von-hausswolff 6d29358c-377b-49d0-9c2b-6d0dff63c29f Anna von Hausswolff
[update] annabel 40742d1e-c1e1-4ade-9480-b9f853e0e7d6 Annabel
[update] annalisa 79d2481b-d7f7-4bb2-96e1-f1fa6600cda5 Annalisa
[update] anne-gudrun ff378981-d6a2-4db5-83f4-0dd207cd0342 Anne Gudrun
[update] anne-wilson 99385b67-8407-4583-9477-ca6aa28d60d3 Anne Wilson
[update] anne-marie b20c4c21-2740-4797-9653-4b8c9d6c3ac9 Anne-Marie
[update] anneke-van-giersbergen ed8e94ea-bab6-4461-a6f3-50dfc62568a2 Anneke van Giersbergen
[update] annie-the-caldwells e8cf7719-15fe-4541-ae13-90322d72cc0d ANNIE & THE CALDWELLS
[update] annie-lennox 47311e7c-fe40-4471-b13d-98feae96b30a Annie Lennox
[update] annisokay 28da7fdc-b402-4d53-b6b9-a941ce4786a0 ANNISOKAY
[update] another-life 76505509-1fc2-4e2c-8610-922dfe9a8fc6 Another Life
[update] anotr 07253508-bbf9-4be8-b884-3b76f432a204 ANOTR
[update] anoushka-shankar 1c8dd984-404e-4ef8-a368-494865638d95 Anoushka Shankar
[update] anson-seabra e9a09f70-4062-4bba-aa03-c447e88c22b4 Anson Seabra
[update] anthrax 78d764fa-fda2-4f7d-bbb4-c68c90f0ce4f Anthrax
[update] anti-flag 672a545e-7877-4ac2-93b4-8d86cff91ac7 Anti-Flag
[update] antonia 2ac1e6d9-fc4a-45c4-8bf8-6772c97fe87e ANTONIA
[update] any-gabrielly 7479ab96-db63-4eb6-bab2-053bf3969249 Any Gabrielly
[update] any-given-day af5ba8fa-68bb-4e78-b9db-2e9e075dafa5 ANY GIVEN DAY
[update] anya-nami 33eeaf2a-aef2-4b9d-b30d-9cdbe40d2e1c Anya Nami
[update] anycia 171a1a2c-3b8b-48cf-ae52-866fa7594363 Anycia
[update] anyma e161a6e6-e83a-4e45-b2c9-c7632fb9091a Anyma
[update] anywhere e80c845f-0283-4812-a467-e25b74658992 Anywhere
[update] apashe 0ecbcb58-7555-46c0-8c73-63ecf3530b59 Apashe
[update] aphex-twin d2f8a3df-7173-40a4-999b-aecbaeaa9310 Aphex Twin
[update] apoc e63ada06-50ff-4a77-9545-850a0468bf24 APOC
[update] apollonia 21f783b5-81a4-45b5-94df-1e71da9d6ddd Apollonia
[update] apparition 127195eb-7dfa-4d08-8c3c-923a9615a4c9 Apparition
[update] april-art e95150f0-2e12-4c57-aca0-64f4b293625b APRIL ART
[update] aqua cfb223c5-52a9-4504-bafc-b1f137008089 Aqua
[update] aqyila 147475e0-d036-46e8-9dbc-e589485f7934 Aqyila
[update] ar-co f642c06f-beeb-46bb-8ae8-ea4160e6cab5 AR/CO
[update] arab-strap 0259fbe1-a73e-4495-b289-35feb835c2e4 Arab Strap
[update] arash 8bbf3639-fa9f-47da-8432-03807cfbacc0 Arash
[update] arca 34fcffdb-c56a-42a2-8fd7-2e0741ecf498 Arca
[update] arcade-fire ed0661d5-2ae5-4a3b-87b4-f45d7bebf1fe Arcade Fire
[update] arch-enemy 0e71e830-d8d7-4422-9ef1-54bc9ef95d44 ARCH ENEMY
[update] archie-bell-the-drells 4c9c06a6-1b9f-415e-823c-fbb01cdc7d3f Archie Bell & The Drells
[update] architect 7ae27b5c-b420-45cc-afaa-4e003867de8d Architect
[update] architects ce01c4b1-1a48-4880-91b5-aecb478bf034 Architects
[update] archive 155e2f67-ee30-427e-9abf-afcd630b63e2 Archive
[update] arctic-monkeys 6653a74c-ab2f-4943-8280-a0c1a35c163c Arctic Monkeys
[update] arctis ac41f4c0-2cbd-4329-9896-5e01765f2044 ARCTIS
[update] arcy-drive 0828e743-0f1a-48fb-a831-7451390dacfd Arcy Drive
[update] arden-jones c1a2640f-83bd-42a7-bc58-1c1ad00f614f Arden Jones
[update] are-we-dreaming 65615cce-643c-4040-ad42-6abed67305b4 Are We Dreaming
[update] aretha-franklin 11639161-bdfd-4f6d-af5b-b37b70d32fd7 Aretha Franklin
[update] argy f521ee98-0949-4653-82ce-7d3caff57380 Argy
[update] ari-abdul 20d02393-60f4-4aeb-9a90-1ec418ed08f6 Ari Abdul
[update] ari-lennox a1e133ee-52ed-4d57-ae00-820c603c5981 Ari Lennox
[update] ariana-debose d25c17f3-5862-4440-84ff-1912f54f318a Ariana DeBose
[update] ariana-grande de4324ed-ee33-491e-bdf6-7d9190b70926 Ariana Grande
[update] aries-descendant 117452b4-33ba-4d55-bffb-78786b8a82cb Aries Descendant
[update] arijit-singh 8b568fed-d5b2-443d-8702-8b2ffe9b1537 Arijit Singh
[update] arin-ray 7291d4e6-6bb8-47fe-ab70-b82ff888cd28 Arin Ray
[update] arion-salazar a02d6b2f-15ec-4737-a6ae-6af6638579c8 Arion Salazar
[update] aristophanes 1cb2e216-767e-410b-9341-4943647aaef9 Aristophanes
[update] ariza 61dfbe64-915a-4d0c-a0e3-90d546fde4a8 Ariza
[update] arizona-zervas cc4a4969-2bdb-4d56-8e1c-a388b12b5d03 Arizona Zervas
[update] arkells d23bb24b-9c74-48a4-8653-38e62ea579d3 Arkells
[update] arlissa 0f775af3-062f-4ce5-9798-88b7a140a534 Arlissa
[update] arlo-parks 4d818296-89c4-413c-ba54-384c485bc62a Arlo Parks
[update] arms-length a60adfdf-6e38-4ec4-82db-d011ef3fc351 Arm's Length
[update] armaan-malik e1e97220-c580-485f-9b0b-46384216f057 Armaan Malik
[update] armand-van-helden 6f8ae3f4-8ed8-44ea-bd6a-5178d30f53fd Armand Van Helden
[update] armani-white 840897ea-e960-412f-958d-ef8abd213600 Armani White
[update] armin-van-buuren e62c80e4-4ee1-4e71-9e63-ebef382dbd64 Armin van Buuren
[update] armored-saint e00a98e8-186f-4262-aa54-94391f694cef Armored Saint
[update] arnold-schwarzenegger 27338c73-a348-41be-8bb3-601f8fc5d8b6 Arnold Schwarzenegger
[update] aron 47b91143-bda6-4fec-8215-4d05b12f6044 ARON
[update] aronchupa 0bbb7a0c-71e7-49ce-b45a-10b62223f374 Aronchupa
[update] arooj-aftab daf2b105-075e-47a9-9ca3-335230f4c37f Arooj Aftab
[update] arrdee 7d47a3d7-0b1c-4eff-99dd-ded45f206bb5 ArrDee
[update] arrested-development 0688feea-97d3-4b0a-8f1e-84483c806380 Arrested Development
[update] arrows-in-action f3f2a7a0-be6f-4af4-b31c-cecb7c4ae184 Arrows in Action
[update] art-nation 5fb6fb00-2ec3-437d-84e0-6462b9712ef3 Art Nation
[update] art-of-noise 8f9a853b-84c3-40e8-b3cf-1dcd48b99172 Art of Noise
[update] artbat 67e25fad-76d7-4924-873f-37d02eb8fc20 ARTBAT
[update] artemas 091780ba-5202-449a-9055-1c5613578c30 Artemas
[update] arthur-baker 96096f08-7f30-42ab-9e9a-f913658baa02 Arthur Baker
[update] as-december-falls 1c2fe207-ca64-414a-b586-472f8a304fc5 As December Falls
[update] as-everything-unfolds 1d6b95c4-3b57-4d62-8827-8a1ac478d755 As Everything Unfolds
[update] as-i-lay-dying 759c27d9-1035-4e70-bc3a-90edb6f37c8f AS I LAY DYING
[update] as1one 645b519c-9df6-427a-9ce2-39732693b58c as1one
[update] asake 123da049-6167-42d8-9adf-9a533a114cb4 Asake
[update] asdis 79980c80-1640-45ec-bd7e-1b59bf9489c7 ﾃ《dﾃｭs
[update] asenssia 0e0f1bb7-857a-44c6-9a8d-a7f735bed9c8 Asenssia
[update] ash 04f36df2-f120-492c-afbc-15c5c7b87289 Ash
[update] ash-paradise 1afa231a-6be6-46ef-8c93-21e5b701a102 Ash & Paradise
[update] ashanti ce428a28-fb8b-4d4b-8cbd-5eb5fa4f178f Ashanti
[update] ashe b4ff7c43-c747-4d3c-97cb-507c9c73d67c Ashe
[update] ashlee-simpson c342697e-e725-4b5d-8127-59ae7515b127 Ashlee Simpson
[update] ashley-cooke c20e59d8-3ffa-4313-b987-c5f5efd29e3b Ashley Cooke
[update] ashley-kutcher d77e75d5-848f-4585-b526-15a36e1296aa Ashley Kutcher
[update] ashley-mcbryde 3dd51551-7fab-403f-9c5c-a86a34a4b8fd Ashley McBryde
[update] ashley-monroe 060d8f88-5a1a-4647-9551-4b9821585873 Ashley Monroe
[update] ashley-sienna 01b4b6e1-2616-4a8a-afd7-2e5ad546443e Ashley Sienna
[update] ashley-wineland 3c525b42-4bbf-4588-9b45-6a00bd7b1193 Ashley Wineland
[update] ashnikko 5f668f6f-17f8-4bff-8dff-09e88a6315f8 Ashnikko
[update] ashton-irwin 47fa4fd1-ac8a-4d97-8cd6-143647a713a1 Ashton Irwin
[update] asia e4d695a5-c6ce-4b05-a3e9-1a1aca8d0bc0 Asia
[update] asking-alexandria 58f14c60-e123-4fb5-a553-cee3f675cd48 Asking Alexandria
[update] askjell 77ef9b2b-0661-4d1a-8199-ac924e2db5c7 Askjell
[update] asphodells 065ff152-93fa-4a92-beae-5be0a713d39b Asphodells
[update] astels 96085202-cfa5-414c-8c4f-883f5d6ade00 Astels
[update] astn 316a550e-749f-4b64-92d4-433435100c62 ASTN
[update] astrid-s 743cbbcc-5b07-4ba6-a4d7-afab4b58203d Astrid S
[update] astrix 33fdfc29-f4f3-4c8b-bd3b-6d773a1225e7 Astrix
[update] at-the-drive-in d67da210-b0c2-48f4-9ada-bdcc9434f58e At the Drive-In
[update] atarashii-gakko 121b4c16-4818-4770-81d8-c875fe0c5d9e ATARASHII GAKKO!
[update] ataris 11b6d0e5-8153-4de4-9065-779c6a1769bd The Ataris
[update] atb 0a207a38-45fc-445e-80e1-a12fae22da27 ATB
[update] atlantic-starr 1991a706-5394-4da4-8b92-b931f7411d1d Atlantic Starr
[update] atlus 0a9ff8ed-874f-445a-874e-163c6344f687 Atlus
[update] atmosphere 925fd527-d801-436e-837e-f7a00ad4d7c5 Atmosphere
[update] atomic-kitten 6c52fd37-37d8-48ab-b7e6-c8395be1a031 Atomic Kitten
[update] atreyu 7f277411-aceb-413e-af58-a79ac481c026 Atreyu
[update] atsmxn d686418a-c30a-4494-8e74-55a8053ccf27 ATSMXN
[update] attic-ocean 5f9a92f4-202c-4acc-abf8-841b52d70673 Attic Ocean
[update] au-ra e6272bd9-91f6-4b92-9238-27aa557fbe13 Au/Ra
[update] aubrey-fisher c62216e4-236e-4c9f-9517-3d704a322f54 Aubrey Fisher
[update] audacity ca0599fd-0aed-4354-b358-cb4976a3cee2 The Audacity
[update] audrey-hobert a7d7b2da-8e6b-4592-845b-c2f959bb4606 Audrey Hobert
[update] audrey-mika efab936b-70b1-4ed6-b868-af3814eab08d Audrey Mika
[update] audrey-nuna 313b4380-499a-40fd-a39c-3a1de9cef600 AUDREY NUNA
[update] aukoustics 0791d58e-9564-45ae-8a57-282037920d22 Aukoustics
[update] auri bce53be6-a5e7-4ab9-8589-e0f40fe33b09 AURI
[update] aurora f0c198c5-626a-4b6c-b882-d020d4e9cd91 AURORA
[update] austen-starr ad635836-106b-4cbe-80ef-20538a039451 Austen Starr
[update] austra 6fe4dc17-bed2-44de-acb8-81fb556d2158 Austra
[update] autoerotique 211bce66-bc1d-4f28-adf9-438421b75271 Autoerotique
[update] automatic a2ea8bef-c8c4-4ec1-8568-ae470774696e Automatic
[update] ava-della-pietra 577ca88e-f1f9-4c13-983d-13e2663d29a9 Ava Della Pietra
[update] ava-max 3744efeb-bc47-4b3a-8471-40d9be9a4933 Ava Max
[update] avaion 3ecb5497-49e9-4a62-9dba-af9c2633abe2 AVAION
[update] avalanches 46e1d218-7072-46e7-88bf-4cfb6a90bf91 The Avalanches
[update] avalon-emerson 270d8106-48f3-493a-a6b6-a115e9799639 Avalon Emerson
[update] avalyn bc87fdd4-8b77-4625-a92c-f556cc924a38 Avalyn
[update] avan7 eb52912c-c339-41e8-bdbe-7be5be4ebe1a Avan7
[update] avantasia 743e9840-825f-4bd8-82b1-694fbe5557b4 Avantasia
[update] avatar 016bafc9-3add-49f3-a0b9-048e12bd300d Avatar
[update] ave b73a6260-073d-4285-ab4f-0420dc44e8c0 AVE
[update] avelino ff14400a-410d-4da4-ab76-72c3cc195f2a Avelino
[update] avello d094196f-6923-4cad-a85a-ae4b672f821f Avello
[update] avener 874b845c-a21a-48b1-816d-592b373f89f7 The Avener
[update] avenged-sevenfold 56edd931-bfb4-4a67-a3a2-e06bdebaf67a Avenged Sevenfold
[update] average-white-band 422b1165-c7b8-4373-9de4-e2e89a6e87bc Average White Band
[update] avery-cochrane 12ab93b5-8be2-4e11-85fe-22c9d51099d5 Avery Cochrane
[update] avi-kaplan ab19047c-6e71-4944-83a1-d5b5958ca8e2 Avi Kaplan
[update] avicii c4feffb1-4e5e-4a12-a92d-be1c9ae1a501 Avicii
[update] avira 56e0ad6e-3685-4e06-bb22-3a9ce4d191a0 AVIRA
[update] aviva 9f65c8fe-25ed-4bba-9d92-bae81fccfb5a Aviva
[update] avril-lavigne 345247d1-ad8b-4590-a107-c44d57ef2c2b Avril Lavigne
[update] awa 9fb0790c-4458-46ea-8ac5-535ed844f99f AWA
[update] awaken-i-am c2cc3b24-f36b-48e9-97d7-67844e733a61 Awaken I Am
[update] awakening 02e0a14a-2987-4b4a-8123-6550e5207795 The Awakening
[update] awolnation bd94acf5-b3e6-439e-a13f-33ca0ba11073 Awolnation
[update] axel-rudi-pell adba59f7-6445-4318-9002-13c23735f77b Axel Rudi Pell
[update] axl-rose 75b30db6-8d24-4a36-ba9f-8ccdc6fd63ce Axl Rose
[update] axwell 9858676d-62f1-45cb-abe7-07d0663f122f Axwell
[update] axwell-ingrosso 93939974-dd09-434f-a0d9-3678c08d3582 Axwell & Ingrosso
[update] aya-nakamura 88f647d0-1a61-4f74-8b2d-4e22133c90c7 Aya Nakamura
[update] ayetian 68720360-3841-4b43-b8c1-1d49a233373f Ayetian
[update] ayliva 7588f648-268c-44ff-8fb1-1a39f8510221 AYLIVA
[update] ayokay 875780d8-d967-4f74-9634-0811f8395b73 ayokay
[update] ayra-starr b45cb487-91c7-49b8-9602-685bcdb0fd6a Ayra Starr
[update] ayron-jones f6fd1436-d781-41c7-ba24-26fc9499fd7d Ayron Jones
[update] az ad02f805-1068-4338-bbbf-4fd433be3f8f AZ
[update] az-chike 5508c85c-07a9-47f1-ad73-9f35c4f2b2ce AZ Chike
[update] aztec-camera 19b022c2-bbf4-44a0-97a8-57c332461cd7 Aztec Camera
[update] azteck d98f9028-9c16-41a2-a44e-e8b9060c5372 Azteck
[update] b-52s c20ddbe7-0f40-4613-b365-91163fa65069 B-52's
[update] b-biz-r 8897ef9f-c31a-43d6-ac39-381278834cbe B-Biz-R
[update] b-legit 44be4f43-ab20-406b-b808-b9d264c51ef5 B-Legit
[update] b-real 14ecdac9-0705-4736-abef-5969c89bd6e9 B-Real
[update] bbq-band 8fde60f3-f46e-4d41-b800-8a4a3b6603a5 B. B. & Q. Band
[update] b-b-king e5709bc3-79e8-468b-a7c7-1961789703f7 B.B. King
[update] bob e2aa9b70-76a5-4bd0-af33-e5d2921fb5bb B.o.B
[update] b-t-express 1dd50c75-41c6-4b1b-98ed-65ebc5cab26d B.T. Express
[update] b2k 5b2bc41a-559d-433b-964c-d8f8b108429d B2K
[update] babasonicos 71da6039-c311-4bb2-9f0d-3918c044434c Babasonicos
[update] baboon-show c79582c6-0878-4be8-8ce3-1f3c1b015de1 The Baboon Show
[update] baby-bash 4900f944-aa4a-4a3e-b9a3-23891eb7899d Baby Bash
[update] baby-bugs 0a52b0ce-b552-41c7-afc9-2e960cb33eeb Baby Bugs
[update] baby-keem d146e376-ab3b-448d-bba2-0c444e6352eb Baby Keem
[update] baby-lasagna c049963d-3d81-4ac4-92f8-ddf471b8d6f8 Baby Lasagna
[update] baby-queen 80d88c95-b711-45b5-a8c3-6d0b068dc343 Baby Queen
[update] baby-rose e964db89-f165-4dfa-82c1-d462657eff73 Baby Rose
[update] baby-storme d6a5e8dd-94d7-4578-a48c-8755e483165f Baby Storme
[update] baby-triggy 2cfd836a-b1a6-465a-92dd-4ff2b8727058 Baby Triggy
[insert] babybeard 474f059a-c6a5-42f4-8ad3-383526a1a03b BABYBEARD
[update] babydrill 4cbe44d3-73e1-4c5f-9219-a886e111fd37 BabyDrill
[update] babyface 8cd44407-b215-4c43-851d-eed0815891a6 Babyface
[update] babyface-ray dbc45c6d-d8f7-485e-8758-8b70abbc7778 Babyface Ray
[update] babyidontlikeyou a0c9dcf5-7888-4b7b-897d-482df8e048b8 babyidontlikeyou
[update] babymetal 1ceed0de-db92-4c50-af74-16863dc0abb7 BABYMETAL
[update] babyshambles c4b86aa6-2702-42b6-9984-204f04629a21 Babyshambles
[update] babytron f00c3fea-9dac-4018-bcd7-f2ae29239da2 BabyTron
[update] backseat-lovers b7f03018-6ca4-4774-8c56-7d0560166f7a The Backseat Lovers
[update] backstreet-boys 542ee162-75ee-49ab-ae31-4448b1eae2cf Backstreet Boys
[update] bad-boy-chiller-crew e51af81e-e20c-416a-93a4-2645adc7da31 Bad Boy Chiller Crew
[update] bad-bunny e286b72d-7369-4efd-b41b-f2d6164d8bd2 Bad Bunny
[update] bad-company 0ac0d0d6-17a4-41f5-8eee-4bde5072a9e8 Bad Company
[update] bad-english d646db34-6da8-4d0b-a3bf-4a0f8cb3bf71 Bad English
[update] bad-omens c1d5c30c-be7a-43a2-913d-0d8173a5a303 BAD OMENS
[update] bad-wolves becf8018-896b-4923-8776-8af9c843fa4c Bad Wolves
[update] badbadnotgood 555d45aa-2b60-435f-ae41-020fe54a590f BADBADNOTGOOD
[update] badflower 7ec9164c-07b0-4695-9bc9-a956a3b61899 Badflower
[update] badgir 7bd72b3a-0f78-467a-9f37-918673143257 BadGir
[update] badlands 79328a1b-120d-4072-b286-2ed74edef361 Badlands
[update] badwolf 0e7808cb-22f1-4024-8c49-3b0666531ac6 BadWolf
[update] bahari 54d9388e-b6ef-4f9b-a506-edc2440ff65a Bahari
[update] bailey-zimmerman 070fbc92-786d-428c-ae3c-c9c283f6c2f3 Bailey Zimmerman
[update] bajka af19b6c5-6b35-4a02-add7-9fea6d03a430 Bajka
[update] bakar a8633470-7120-49ec-a913-50e23dda05c8 Bakar
[update] baker-boy b9874e42-82e0-42b8-8582-d9f3fd2c5469 Baker Boy
[update] bakermat e455b6f2-a112-425a-8615-752a44b4b45f Bakermat
[update] balming-tiger 1ef5f124-bfbc-449f-9adf-8de3697aa262 Balming Tiger
[update] balu-brigada d64cb6b0-d634-43d4-90bf-30744f879d32 Balu Brigada
[update] bambie-thug 5781ae3f-868f-40ef-a4cc-6fe2176491cb Bambie Thug
[update] bananarama f976a0ab-51e3-4f59-badc-7a12b65f032b Bananarama
[update] band a0e2be84-fdd4-4119-adb5-49d6c85602e3 The Band
[update] band-geeks 27a6c89d-1051-4420-9765-ef13c9073f52 The Band Geeks
[update] band-maid 6750dd7d-b372-4db6-ad90-537502a46d60 BAND-MAID
[update] bandit b6a5008e-5d1f-46d8-933c-94c0a74c0ff1 Bandit
[update] bangles 415f8502-007d-4c55-855e-6bfbf29446a7 The Bangles
[update] bankrol-hayden dc309049-a03c-42e1-963f-a011d5185a6b Bankrol Hayden
[update] banks 23cfbd35-eb7c-4b74-99cc-da33320a8da3 BANKS
[update] banks-arcade 600632da-a131-4b26-82dd-0ac80fd37068 BANKS ARCADE
[update] banners 43ad9de2-6a05-4897-9a98-eca0be205739 BANNERS
[update] bantu 6a7d5170-1192-4fd5-aa12-d645381a8a72 Bantu
[update] bar-kays 8e75972a-04d6-4a8a-bfa5-fba3d57135df The Bar-Kays
[update] barbra-streisand 2ab1cd71-c8ca-4751-b6fe-e153516110fc Barbra Streisand
[update] barbz 1ad9e2d2-8934-470f-ba90-1a1b9bee23dd BARBZ
[update] barns-courtney 84e55cb7-aa20-41da-ac61-507e6c1f4c15 Barns Courtney
[update] barrington-levy d72dc744-c72e-4bb8-9541-52ce3db024dc Barrington Levy
[update] barrio-jazz-gang 21c72020-84d8-4807-836b-6c9da7166f48 Barrio Jazz Gang
[update] barry-cant-swim 082817b1-0969-49e5-9111-88d7ac11f861 Barry Can't Swim
[update] barry-de-vorzon 466fb775-d20e-4a5a-a4a2-8ef589e0846e Barry De Vorzon
[update] barry-manilow b791e5a4-db42-4c3a-bb9f-a2245d3264dd Barry Manilow
[update] bas 347fb33b-170c-4d1a-b912-ce2f89e2888d Bas
[update] bas-jan d98c383c-1ad8-43cd-b345-a3448799ea1a Bas Jan
[update] baseballs def29f12-7d87-4f74-b07f-2be259de76a4 The Baseballs
[update] basement ab36c325-e87e-4c04-b1c5-91f66825de0d Basement
[update] basement-jaxx 8dfc193b-4cce-46d8-b4ac-d84d2a190603 Basement Jaxx
[update] baset 3fbc9eeb-3834-496b-bc9f-f4214d6f61c5 Baset
[update] bassheads b165c8a9-e4ab-4c0e-b858-6f97539cdac6 Bassheads
[update] bassjackers ab3f8b7c-995a-4e48-8cb0-b8b7c1086b43 Bassjackers
[update] bassnectar f0030b36-8c00-4a63-82b1-999e9eb2ee0f Bassnectar
[update] bastille b522ede8-2480-4328-9206-0e4fab732de1 Bastille
[update] battle-beast d74f7799-4dd9-45e0-9ef3-b2cfb228f081 Battle Beast
[update] baxter-dury 529e17fb-ea79-4cfb-abe3-811532794afd Baxter Dury
[update] baynk f31625bf-28dc-47a2-a6d1-4e31ba7bb524 BAYNK
[update] bazzi fcde51b8-0a8f-4a9e-8360-594cc55ddaac Bazzi
[update] bbno c07f22a6-b6ae-4828-882c-ff603fb5a624 bbno$
[update] bbyclose 744e2c41-b5b8-419c-b61b-b8120b85c485 bbyclose
[update] bc-kingdom f8533455-d35f-4fa6-8354-2807494166cf BC Kingdom
[update] bdrmm 5756bcc4-3cc4-412d-8f5e-622046a0d083 Bdrmm
[update] be-no-rain a187d716-b132-4c88-8a89-1ee6e9a54e9b Be No Rain
[update] befirst 3195b575-1958-4ccf-9a73-8111a841f304 BE:FIRST
[update] bea-and-her-business d1552c56-d518-4834-a07c-aba3a67fa4b0 Bea and her Business
[update] bea-miller d48732de-68f4-48f9-a130-40d97b58ce80 Bea Miller
[update] beabadoobee 3fae0d4d-0c5e-4197-a81f-c2a8a643d336 beabadoobee
[update] beach-boys 9aa0b56d-3c98-4963-ba52-e5b1be151fda The Beach Boys
[update] beach-bunny 5eb3cbfd-0934-443e-9e20-d2edf98a42df Beach Bunny
[update] beach-fossils 7bf4593e-813c-47bb-b707-342aa6ebed31 Beach Fossils
[update] beach-house b6ae8083-d66d-468a-b5c7-bfca32d978c4 Beach House
[update] beach-weather 09a6060a-1954-4418-862c-02ac6ba66885 Beach Weather
[update] beaches 125af5c5-c9e3-4f63-9a77-dd1cb1ed4a58 The Beaches
[update] beam 882e33e1-5458-4812-9774-fcaf9af99746 BEAM
[update] bear-hands 0b25fd85-9d57-4323-b975-0481dc43f756 Bear Hands
[update] beardyman 34182ae5-16e8-476e-a6c8-93efb502f486 Beardyman
[update] beartooth 5a8c6441-b268-4bcf-8a13-05e9f8f4f96d Beartooth
[update] beast-in-black 935f733e-f3d7-4d66-9e39-1c69db6ff508 Beast In Black
[update] beast-reality ce52b936-85ef-495c-a2f7-50514d5f5b1e Beast Reality
[update] beastie-boys 14ce86f1-60f7-4b1e-acf8-62ea5c3f11c1 The Beastie Boys
[update] beat-assailant df450ed4-6b3f-4381-85cc-a6b3d19d1957 Beat Assailant
[update] beatles 8515bc03-587f-4c14-b386-2170c3cd91ac The Beatles
[update] beau-nox 4b9abd7a-5506-4393-aa4e-3a2c4743c1ce Beau Nox
[update] beauty-school-dropout 9bb695d2-f4b7-4074-82b5-935ff8467879 BEAUTY SCHOOL DROPOUT
[update] beaux 0c64d42a-f1c9-4c7d-a78b-649dc899aac8 beaux
[update] beaux-gris-gris-the-apocalypse c10d9a58-9615-4c6c-a27f-ffdb8d7d2ce4 Beaux Gris Gris & The Apocalypse
[update] beauz bd7a6757-300c-41e2-b2d0-59a9f53ad5cc Beauz
[update] bebe-rexha 74cd5f3e-a0eb-4df9-b88a-dfa63f3a874e Bebe Rexha
[update] bec-lauder cda95da9-da52-42fd-b0d9-ef949d9bd1a2 Bec Lauder
[update] beck a21d9869-f966-4776-9745-5d3874eea8d6 Beck
[update] becker 3fb2f705-cb34-4b32-a68b-2b4f6a6e1a8a Becker
[update] becko 823d7872-12f2-4cc6-888d-5a35ff686ae0 Becko
[update] becky-g 6200d5a5-941e-4d0e-8ee8-8088ea9400d4 Becky G
[update] becky-hill b7e2a422-d106-4927-908a-1c8694bd9d60 Becky Hill
[update] bedouine 01fa6ad1-da9d-42dd-a522-0361d1782de7 Bedouine
[update] bee-gees 39064999-5046-4c5f-ae97-2301850e329a Bee Gees
[update] been-stellar 208a586f-6095-408f-9c5b-ead2ba22cc80 Been Stellar
[update] beenie-man d2e7c2a8-6975-4d76-9be2-ca458af4223a Beenie Man
[update] bees-honey cfe891cd-660a-44cf-9890-6049f3257909 bees & honey
[update] before-the-dawn 29c74223-6c5f-4cf2-a930-3fd54e018deb BEFORE THE DAWN
[update] behani 01e4c0cd-1681-48f2-bae5-3de0a1305abf Behani
[update] beirut c25cf8ca-2a0b-4f75-b72f-3f50705e92be Beirut
[update] belair-lip-bombs 87c14476-7ca7-42ea-8ef5-0020c8b511b9 Belair Lip Bombs
[update] belen-aguilera 98c78290-628a-4d8c-bbe0-9f5a85f69cf5 Belﾃｩn Aguilera
[update] belinda-carlisle 6a19bdcd-7218-4725-ae72-a1c088dae322 Belinda Carlisle
[update] bell-biv-devoe 2012caaf-5c8a-4ad0-b5d9-7bae4a52e49a Bell Biv DeVoe
[update] bella-kay a04e8824-f6e1-4ecc-9a30-d213edbe6c97 Bella Kay
[update] bella-poarch a9d2af88-6e55-46bf-ac37-901f23940c9d Bella Poarch
[update] bella-taylor-smith a671b892-2fa4-4da7-adcb-98544c5d20b7 Bella Taylor Smith
[update] bellah-mae f294b79a-91e7-469f-9567-8fb29207478e Bellah Mae
[update] belle-and-sebastian ddd505ba-62ae-424b-b2aa-9bbbed84c586 Belle and Sebastian
[update] belle-mariano ecc469aa-302a-4429-b6a6-fdbd4b41a145 Belle Mariano
[update] belle-sisoski c5129f39-ccf6-4f02-a1c9-d2abb1552780 Belle Sisoski
[update] belly 1e88811e-4f2e-4af5-ab86-2955ede5b397 Belly
[update] pierre-de-maere 0efcc0ff-194b-49ad-91ad-9669bf26f6c1 BELPierre de Maere
[update] belters-only e1c78448-8d3e-42e1-a951-ca391d5be6e4 Belters Only
[update] ben-barlow c4c77f0b-4ae9-4995-99e7-3db425301285 Ben Barlow
[update] ben-barnes b98542b2-3f6a-432d-a941-95de8ceb99d8 Ben Barnes
[update] ben-bohmer 11835d66-c555-4026-87b8-1bba70e6565a Ben Bﾃｶhmer
[update] ben-caplan afdb2567-b7f3-4c55-bfdf-b699b2988807 Ben Caplan
[update] ben-cristovao 004da787-e3d3-410e-b3bc-14dc46127b7c Ben Cristovao
[update] ben-e-king 8b1fd642-1127-416a-8984-16e126dbb427 Ben E. King
[update] ben-folds ba80ef85-727b-4d21-b599-b5fbc839cf13 Ben Folds
[update] ben-folds-five 04ddb28b-1a2c-4c27-9067-83871e7918e5 Ben Folds Five
[update] ben-haenow 52b7aa37-cfca-4b9d-b1d2-678b0c938c2b Ben Haenow
[update] ben-hemsley c059d10c-3146-4d00-b17a-bf5f47472608 Ben Hemsley
[update] ben-howard 3acdbff4-28f4-4702-9605-2dab34996e6b Ben Howard
[update] ben-lapidus c3298f24-fe16-4ab7-8e1a-6ea09cc4e579 Ben Lapidus
[update] ben-macklin 6985482d-b830-4c62-9e6d-0914bcb271e3 Ben Macklin
[update] ben-platt dd74fe71-59d8-4a91-b640-4399948d8b50 Ben Platt
[update] ben-quad 12b74543-bd51-4579-9c78-41a1c7eecaaa Ben Quad
[update] ben-shapiro dfe43907-d3e5-4ade-894e-9cb2865eda61 Ben Shapiro
[update] benben 4980b685-e113-4372-bec3-4cf0f5cc0bce Ben&Ben
[update] bending-grid 15e75d97-ef1a-45e4-80ee-045bbb052bf5 Bending Grid
[update] benee d5069051-a751-4875-b755-050aa2a288bb BENEE
[update] benjamin-ingrosso 09e6eb99-9662-4f43-adbb-e9361171878b Benjamin Ingrosso
[update] benjamin-sum eba8ddfd-766d-46d4-adae-867f0333ad0a Benjamin Sum
[update] benjamin-william-hastings 4df6d7f8-3e22-448b-a0df-092906e13dd2 Benjamin William Hastings
[update] benji-webbe 99c84789-058a-4aae-b815-5431ae9c6d11 Benji Webbe
[update] bennett 0dca91da-aa2e-43c0-bf2c-e54ee34cf0b2 Bennett
[update] bennett-coast 2834a067-c26a-4350-8747-1fe6841769ee Bennett Coast
[update] bennettus 0b4cf328-e74c-457c-b312-8f77591ee21a BENNETT(US)
[update] benny-benassi 78dbf695-f896-400e-bd8b-f68f172c72c4 Benny Benassi
[update] benny-blanco 9c2f961e-c561-445f-ab8b-ab55662a0f5d benny blanco
[update] benny-brappo 99209b6a-c078-482f-b69d-16cf1bbadbad Benny Brappo
[update] benny-mayne e989ddb7-3600-41d1-8f0f-1bbffa7b2162 benny mayne
[update] benny-sings f23f7473-1be8-4512-aa38-5b83d3b9486b Benny Sings
[update] benny-the-butcher 51514003-dd1c-4585-9707-e547688c1cd7 Benny The Butcher
[update] bens 065bad5f-5455-4097-82e0-756efb80fc7b Bens
[update] bensley e68c6efb-b15c-4bbe-a313-0a3d87859545 Bensley
[update] benson-boone b70c6627-3d14-479a-9dca-b714c2aaf045 Benson Boone
[update] bent-ardi dfc45f31-5f2d-475b-8128-4695a1a25921 Bent Ardi
[update] benziboy b58cdf78-e1c9-4573-9612-fc04850b40f9 Benziboy
[update] berger d683ee86-c66f-4090-abea-b7099de125e2 Berger
[update] berlin 4e29436f-d22c-46d6-b193-c9a229ac86c7 Berlin
[update] bernice-west 7e9e8d2e-f025-4bec-bf83-b2e2b57afa17 Bernice West
[update] bert-mccracken 2b2cdc41-4bce-4796-a7e2-ddcd208feb1c Bert McCracken
[update] berwyn b47f2364-260b-4072-8bf1-b9b77ed7a08a BERWYN
[update] beth-anderson 2e556926-11f6-46d9-9dfd-c5ef081cd14d Beth Anderson
[update] beth-gibbons 5185d472-325e-4860-9684-2e769f35ae94 Beth Gibbons
[update] beth-hart b8a81229-00a3-4a75-9289-20006e25d92f Beth Hart
[update] beth-nielsen-chapman 61de51ec-6634-4e52-8f9e-851a6b7d8f16 Beth Nielsen Chapman
[update] bethany-cosentino 55092092-8dd2-4605-a215-7e7d6acfa39f Bethany Cosentino
[update] beths f239e85d-0893-4567-8874-fc95153e2b0d The Beths
[update] betsy cf02c7e9-216a-4588-82b7-ac1baa25957d Betsy
[update] bette-midler 9a7e43db-0da2-4647-abc1-63de43a69711 Bette Midler
[update] betty-who 1f028cf9-e777-4bbc-8585-8af72be38a91 Betty Who
[update] bettye-lavette a650faca-f08c-4d32-87c6-aac61293127e Bettye LaVette
[update] between-friends 6b86025b-53c4-460a-8565-c40b3b690e89 BETWEEN FRIENDS
[update] between-you-me e928c4f1-5600-4197-93c7-b59054b67c70 Between You & Me
[update] bex 27ffd562-a002-46a7-8d42-74273e16ab28 BEX
[update] bexxie a3fae0db-1eed-4bd1-ae61-ac7822871d42 Bexxie
[update] beyonce 543bd8bd-39c9-4c07-8db4-c2dd0357f56a Beyoncﾃｩ
[update] beyond-the-black 8957b973-8631-48d9-b618-7dd34eda2a2e Beyond the Black
[update] bhad-bhabie 27237e2f-974a-4e96-bd34-290a224c016a Bhad Bhabie
[update] bhaskar d60a68e3-463d-4291-a0da-f7c0f919ca85 Bhaskar
[update] bia ed041a4e-d76d-417b-bd01-ea7c3bf4f3bb BIA
[update] bianca-costa 343dda72-2447-48b8-b0d6-9ad23f218ccf Bianca Costa
[update] bibi 61d3105e-d08a-4f8f-ab21-bd9e6f275fbd BIBI
[update] bibi-bourelly 600593c0-0af2-48b0-8333-6a3ca2e7a59a Bibi Bourelly
[update] bicep 6c7c61db-791e-4640-9b20-3c4c9960de60 Bicep
[update] bien 42bcabc3-ff42-4344-953f-c39036e59e76 Bien
[update] biffy-clyro e6c9a6a4-4641-41df-b0dd-f84c0e6598b2 Biffy Clyro
[update] big-bo 13e97df1-ed0b-4a9e-b091-ad35631d97a5 Big Bo
[update] big-boi ebfc469e-05df-492e-9d6f-b1691db678b9 Big Boi
[update] big-boss-vette 67555c67-d86d-4237-b1a6-71034dcfc5ea Big Boss Vette
[update] big-country 23908567-2d51-4e88-b671-f2b4c420f7a4 Big Country
[update] big-deal 7e1d8094-dad1-4b53-b596-a9168e30e2aa Big Deal
[update] big-freedia 04fb70f9-4790-4968-b1f0-9a6989d63e84 Big Freedia
[update] big-fun 42d37839-5f2a-4d16-bdfe-b3eac962c195 Big Fun
[update] big-hit e4d10800-cbb8-4a28-a7d6-689b6f7de2cc Big Hit
[update] big-k-r-i-t 93824eab-937b-4065-bce7-f9471d60916a Big K.R.I.T.
[update] big-moon c4da8e01-0a0e-42a7-82e6-ca8194672f40 Big Moon
[update] big-orange 40caebef-3b3a-4a86-ae07-a9dda95c0c1e Big Orange
[update] big-pink d8d3af95-c685-4df5-9303-75a444138ff2 Big Pink
[update] big-push 1f5323e7-7b2e-4aa5-a9c5-83c99c112972 The Big Push
[update] big-red-machine ddeee149-09a4-4f39-9a8c-cea5a6839e92 Big Red Machine
[update] big-sean d15f7ac0-de92-4628-9fa6-bc62ed27658e Big Sean
[update] big-special 38e17e99-b917-486b-9e1f-edcee02a3fc0 BIG SPECIAL
[update] big-thief 370de64d-af09-4ca9-abbe-ab3735ec178d Big Thief
[update] big-time-rush 36408c73-a774-4dc2-9176-9e224a714a9b Big Time Rush
[update] bigxthaplug 80ef789a-fa35-4e46-a73d-3b9320633b88 BigXthaPlug
[update] biig-piig 760d842a-bbeb-411c-8664-ece6b7861673 Biig Piig
[update] bilal 01484a8e-af3b-45c2-8788-40c142aecc30 Bilal
[update] bill-withers c01dd951-3db8-4d77-af5a-41eaa6b78074 Bill Withers
[update] billie-eilish ef675b7d-628b-4faf-80b0-e5658937241b Billie Eilish
[update] billie-marten acec6d2c-fde3-4f01-9544-16181725da45 Billie Marten
[update] billx 86f19c21-a7d8-4ef3-a6e1-f59037262e78 Billx
[update] billy-gillies 688d320d-4f82-414f-935c-48ea01708d04 Billy Gillies
[update] billy-idol f78cd449-4f20-439c-b274-4106300bfd05 Billy Idol
[update] billy-joel db24770e-5a10-4fe4-8161-14d750c3373a Billy Joel
[update] billy-morrison ea8ac858-c90d-40d2-a654-d7456683852b Billy Morrison
[update] billy-preston 32c97267-10f6-4675-bbf5-dc8b22008633 Billy Preston
[update] billy-ray-cyrus 492f390b-0db6-4f83-99b1-7fc7186f77e7 Billy Ray Cyrus
[update] billy-squier 45c2c6b6-018a-45f2-aa77-f5e05c6b0bae Billy Squier
[update] billy-strings f514be3d-e67a-4a7c-aec2-5ef1ed2aa013 Billy Strings
[update] billy-woods 3a1a8530-caa8-4572-885e-2c7aa57eeda4 billy woods
[update] bilmuri 4a03b9cf-0364-4759-8c93-4fab25abc8bf BILMURI
[update] bini 30c5a978-b384-4eb4-8d5e-ad0234add630 BINI
[update] bipolar-sunshine 00331ee6-3716-4753-a406-f9f6b01809de BIPOLAR SUNSHINE
[update] birdy c780eb44-cd54-4b65-809e-095799f4a05d Birdy
[update] birthday-massacre b0f9ea08-b572-49f0-9a0f-bdba5f2ac2eb The Birthday Massacre
[update] bishop-briggs 9c8706ea-6ab2-4e9c-9b4e-75d73009d474 Bishop Briggs
[update] bishop-snow c29e2fcb-66d4-461c-8542-a5c15589976e Bishop Snow
[update] bixx 3aff4dea-aa58-4ba4-a916-23978e830102 BiXX
[update] bizarrap 48d73da9-0b16-41e6-9443-e59261c6bafe Bizarrap
[update] bizzy-crook 49d45a85-2ede-44c2-84b2-f3cce2f160fb Bizzy Crook
[update] bizzy 4a9cea37-b1c9-4e04-8f2e-bac3e1a24cb2 Bizzy.
[update] bj-chicago-kid 647f6513-70d5-4712-8625-9ae2cfc55345 BJ Chicago Kid
[update] bj-lips 050628f6-1757-4f7e-b74e-4fcda95f021f BJ Lips
[update] bj-the-chicago-kid 7bbe60bd-6c20-4f9d-8782-b0a9e95e3fe3 BJ The Chicago Kid
[update] bjork 606eb809-7b97-4977-be68-ca810f98d0d1 bjﾃｶrk
[update] bjrnck a548969a-5981-431f-a6ad-d20a4914e4e3 BJRNCK
[update] black 844d77f3-bb57-4ff0-811a-c5eed3843636 Black
[update] black-n-blue 00e2ad13-8806-495d-9230-82195cac8895 Black 'n Blue
[update] black-angels a152e5a1-d4f3-4b49-a028-59e9ad59311a The Black Angels
[update] black-country-communion d34f00c8-b77b-43f1-bc6a-025bd5abbf39 Black Country Communion
[update] black-country-new-road 60258190-c817-48d4-9693-1f7daa7a49be Black Country, New Road
[update] black-crowes 8b10c874-1239-4c6a-a22d-212039d7fa7f The Black Crowes
[update] black-eyed-peas ccb1e5c8-1862-4390-8037-36e3218fb2e0 Black Eyed Peas
[update] black-honey dffe63fa-5f7e-4104-abe5-6874579f933f Black Honey
[update] black-keys c94d0ff1-967c-48ba-85a0-0ac019b93b27 Black Keys
[update] black-label-society a422e8e3-9c08-460b-9515-9f75e383a1a8 Black Label Society
[update] black-midi fbe14e1e-45c2-40f1-99c6-f80f493c7857 Black Midi
[update] black-party d363832e-c348-416f-8563-dc2e3e1e6131 bLAck pARty
[update] black-pumas 5007f068-faa1-43f0-a699-219448a3278f Black Pumas
[update] black-sabbath c71af002-6bd0-489d-b84d-75b2ae829eb2 Black Sabbath
[update] black-soil 41fcf2ad-03a5-48d5-92d6-09e1f570a078 Black Soil
[update] black-spikes 3d23d7c6-5950-4355-9a8b-db9b8b9cb8ed BLACK SPIKES
[update] black-stone-cherry 6fab3092-37d2-485d-b51d-7d973ba92c0f Black Stone Cherry
[update] black-swan ead1c995-f6ed-4b52-93ea-b187c6aa2dc7 Black Swan
[update] black-thought f7b8532b-37f6-44db-95aa-c881512836af Black Thought
[update] black-veil-brides 4aa1406f-5a3f-41e0-b6c6-b1c1ce9fc5bc Black Veil Brides
[update] blackbear abdf7dc7-0aa0-4447-bf4a-4c61df054f33 blackbear
[update] blackberry-smoke 7056b2b6-b599-4b48-8b80-d9453dca5eac Blackberry Smoke
[update] blackbriar 3cb9a3c1-87d5-4420-ab42-6cfd935cccbd Blackbriar
[update] blackbyrd fbaad864-0fff-42ad-99ae-6b6ce6099f39 BlackByrd
[update] blackgold a745f8a6-ee57-4f48-84d2-f066e0bb6b56 BLACKGOLD
[update] blackpink 8dc78655-ad99-4abe-ae96-5a4df924d84d BLACKPINK
[update] blackrain 917dc435-cc93-43ef-bbe5-ffdd7b06c9c3 BlackRain
[update] blackstreet c6bbdbf6-04f1-4ca9-a0be-0292d00c66d2 Blackstreet
[update] bladee 24ef4967-0d6b-46d4-bbb3-f3184e3b6e5e Bladee
[update] blake-shelton f90e61ac-6585-444d-ae21-f01341cdf7b2 Blake Shelton
[update] blame-my-youth 2d932836-6851-467d-82a8-9810601f7b3c Blame My Youth
[update] blancmange 37336e19-a688-4b2e-b035-7e1489b473b0 Blancmange
[update] blanco 60a4bba9-c77d-44ed-8be5-f6c06030a57e BLANCO
[update] blanco-brown 5cf341cc-a8a3-402a-98ec-3e0ff09a5837 Blanco Brown
[update] blanka e6e64a8e-ad56-4e76-8551-b587af43a9b6 Blanka
[update] blanke 05b559a9-15a0-4347-be37-e2a6d06448a9 Blanke
[update] blanks 3d520ef8-a630-4e90-a330-a2734fc4204a Blanks
[update] blasterjaxx 8693fb50-fabd-419e-8863-d9817281319d Blasterjaxx
[update] blaze 6a442842-a0a7-4e91-8481-69a1b3a23c24 The Blaze
[update] blazy d688bed7-0e91-4eea-b112-4dcd9e754d38 Blazy
[update] bleachers 93c0e212-7b6b-4b18-a397-f5b04daf890c Bleachers
[update] bleed-from-within 5d0da998-1c9b-4850-9798-68faab3d9d54 BLEED FROM WITHIN
[update] blessed-madonna 0b6ababc-c224-4045-a28f-966fd03d236d Blessed Madonna
[update] blessthefall 23f73bf9-939c-4adb-8e98-4a5fb3cdfff2 blessthefall
[update] blind-channel fc3395f8-f279-4e00-a183-d4b283f90adc Blind Channel
[update] blind-guardian 7b8906e8-e761-4bc6-a890-02c4278f2229 Blind Guardian
[update] blindside 6f256103-cafe-423b-b935-b1ed2207f9d1 Blindside
[update] blink-182 64930d14-9c92-4fd3-91d8-b06f9cdaeb11 blink-182
[update] blk-odyssy cf41c0bd-6db3-4321-8e89-7b2b16f5ac3f BLK ODYSSY
[update] bloc-party a2f2d119-4be6-4b36-8353-952b880987d4 Bloc Party
[update] blockheads 62883d5a-c80e-4e3a-a883-7399b44856bd Blockheads
[update] blondes 3f01870b-c5e5-4502-8f32-ee9ce1b7d1da Blondes
[update] blondie e60dd219-9f98-4d57-9f5f-1a1d79b322c9 Blondie
[update] blondshell 0699af00-ce62-492b-9eda-6db346d4edc6 Blondshell
[update] blood-cultures 39cc2d7a-80a1-457a-b524-0d3843188542 Blood Cultures
[update] blood-diamonds edf47e2e-4716-461c-8c9a-bb77578bb915 Blood Diamonds
[update] blood-orange 55fbe4c9-88d5-44a8-a941-78895aa739ed Blood Orange
[update] bloodbound 1e4f1fba-d108-46ac-94ea-566d5fce401f BLOODBOUND
[update] bloodlyne 9a332a43-1f25-4824-95c5-996e3254b0cb Bloodlyne
[update] bloodywood 7a4d6d81-5c10-4511-be3d-632a767b1860 Bloodywood
[update] blossom 833a7c6c-f89d-46e7-b897-cc536a4c1fc3 Blossom
[update] blossoms c6bf6c9c-b99b-4bf3-ab3d-182165e35f42 Blossoms
[update] blow-monkeys 0d5b74fa-4f7e-44c5-a435-ffb5cfca2105 The Blow Monkeys
[update] blowsom 6e800591-30ca-44e5-8648-e242f3059171 BLOWSOM
[update] blp-kosher 7451f7f9-2bde-4205-8e5c-e4f94226700e BLP Kosher
[update] blu-detiger 303adfb8-8cc3-43e6-bc09-e10b56c82b71 Blu DeTiger
[update] blu-eyes 07ea1bbe-9bfb-457d-a0fc-2f38ed4aedff BLﾃ・EYES
[update] bludnymph fdc6811e-314a-4f3d-8911-c2f0670a3135 bludnymph
[update] blue edb75d09-991a-4690-8d58-d93ea542a6d3 Blue
[update] blue-boy 3f52e2f2-e16a-4758-aacf-6b41a4dc1505 Blue Boy
[update] blue-herons 0dec7bbc-1536-4902-a2e9-1f683d8ebe11 Blue Herons
[update] blue-lovett 2a974b93-d408-4db4-bb6a-8eff19d81a13 Blue Lovett
[update] blue-october bd922f4a-1625-4499-b103-08a90f9c21cd Blue October
[update] blue-stones 01a7eb15-1ee6-45b3-ae69-b3354cc22032 The Blue Stones
[update] blue-swede 80071305-f6b5-4742-b6f1-79380b442a2e Blue Swede
[update] blueface ae7bcd81-eea6-447a-bae6-3bf17677952f Blueface
[update] blues-pills e4eddbe1-a46b-4558-8c47-8958dfbc833c Blues Pills
[update] bluetones d61428ac-7088-496c-99b8-ceae10ba6e79 The Bluetones
[update] blur 12f92859-5b44-498c-a2d2-faa8cbea73ca Blur
[update] blutengel bdaf3dd1-958c-4660-86f4-73225f0e20ce Blutengel
[update] blxst 4cee3267-0bd8-4697-b0bc-db98a2e5a922 Blxst
[update] blythe cf21d0c3-5c75-4a0a-9fb1-9d77582947ab blythe
[update] bnxn ad39d130-cd14-4f5f-97d8-c0edc15a1c4f BNXN
[update] bo-burnham 1fa8fb31-0e88-4087-b908-610cacbd2f2e Bo Burnham
[update] boards-of-canada ac04d257-a12e-4525-96e1-92c7396533d2 Boards of Canada
[update] bob-dylan af0090e3-6942-44ba-a467-44ed4bbef25f Bob Dylan
[update] bob-moses 108ca248-03a7-4654-ad63-82e35928bd41 Bob Moses
[update] bob-mould 05b478ec-a83c-4f61-bd0e-9689e97fa225 Bob Mould
[update] bob-seger a587d150-ddbd-4782-ab38-97179c8e9306 Bob Seger
[update] bob-sinclar dab433c0-953b-441c-bb06-b5c6f353670b Bob Sinclar
[update] bob-vylan a918e631-7203-40c2-bbef-5ac21f531665 Bob Vylan
[update] bobbi-storm 43483d0c-0622-4b6d-ab48-1aa3183e903e Bobbi Storm
[update] bobby fba75e38-0820-4528-aa69-6ce64f6c0bf3 BOBBY
[update] bodine-monet 07c45654-7de9-4791-ac42-a20232f966df Bodine Monet
[update] boehm aabad0b7-d7e3-4321-a2d9-5d8388db92ef Boehm
[update] boi-what 5fc7a9b3-332d-49e8-be57-d5634d263b6c BOI WHAT
[update] boi-1da cb1fc4ae-c19a-4b5e-ad58-eca79b41c569 Boi-1Da
[update] boko-yout 8fb7d384-fbee-4468-9144-16d7033111f7 Boko Yout
[update] bombay-bicycle-club 026fe81b-0d56-44b7-947a-f28c06a0b262 Bombay Bicycle Club
[update] bon-entendeur b89e3314-46a7-4cc2-803a-f9038f09c376 Bon Entendeur
[update] bon-iver f156797d-e1ab-4af2-ada0-3b5ef9e35fed Bon Iver
[update] bon-jovi 7bb0edb6-147e-428d-b22a-93d4d06bff6d Bon Jovi
[update] bone-thugs-n-harmony 420d7483-e030-4a0c-8e24-4ec445c7a685 Bone Thugs N Harmony
[update] bone-thugs-n-harmony-2 89548002-e3fe-4b20-a609-09a486e33522 Bone Thugs-N-Harmony
[update] bones 3fcfe1c9-631c-4163-b70d-c340c23becf6 Bones
[update] bones-uk 8a1aa778-5034-4a8f-8f3c-73ff8f3ad4ae BONES UK
[update] boney-james cebaf511-c1bc-4f25-9bb7-5a81a9135328 Boney James
[update] bonfire 6765dd04-425c-45c8-8aab-0f585e00519d Bonfire
[update] bonn ed1714b9-f647-4842-951e-f988fd83fa67 BONN
[update] bonnie-mckee 015025fd-1910-4892-a676-b2e41133c879 Bonnie McKee
[update] bonnie-raitt 6ff6a6b7-54f3-4a35-a7ea-11854cc8904f Bonnie Raitt
[update] bonnie-tyler b89166ca-afc6-47bf-8ada-d6cfc03116fa Bonnie Tyler
[update] bonobo ca92fd09-36be-4b51-8fe6-0090b374e8ef Bonobo
[update] boo-radleys 96647a0f-535f-42f6-add0-a7606cc78cb4 Boo Radleys
[update] book-of-love 5359d72f-bff9-41b7-a9eb-c27bbf064b19 Book Of Love
[update] booshle-g 560fbc7d-1085-40e3-bc75-e38f84b6f162 Booshle G.
[update] boosie-badazz 40ef437a-45b9-4a5e-9c77-587caa8f4ab7 Boosie Badazz
[update] bootsy-collins ca47920e-f314-4c74-8750-51d71d553f22 Bootsy Collins
[update] booze-glory ec7be012-fe12-48bb-b9b2-cc129ea75de8 Booze & Glory
[update] borderline caa3a022-f6d0-4aff-b918-5cd73a1f8ec5 Borderline
[update] boris-blank ec2b092d-9145-4d38-ae86-210bb2dee5db Boris Blank
[update] boris-brejcha f191f38d-3a4a-40d7-b728-c66fc795dcb9 Boris Brejcha
[update] born-of-osiris 72f10c12-f3c8-4af9-8d7b-2e5183a3d3f7 BORN OF OSIRIS
[update] bosshoss 051ef376-9aa3-4c45-88e8-d99638b1fb13 The BossHoss
[update] bosslife-big-spence fc6f4238-5982-4e72-9769-5bb48e7a12e7 BossLife Big Spence
[update] boston e2233837-d1d6-48ef-9376-0c31c50bc809 Boston
[update] boston-manor 36097acf-d9fc-4b4f-a311-ef6ab18c1e24 Boston Manor
[update] bou beb04eb3-6e29-47ec-9815-280736e20eda Bou
[update] bounty-killer 205cd733-8a27-48ad-8feb-99dd9558ccd1 Bounty Killer
[update] bow-wow-wow 86151af7-769a-41d2-9b0b-da5b9897a44c Bow Wow Wow
[update] bowling-for-soup b061810e-4b01-458f-bb2c-d6124a6e8eef Bowling For Soup
[update] box-car-racer 025ff24b-91a4-46e3-a135-17606a8f8ae8 Box Car Racer
[update] boy-2000 677d2ca3-c1a2-4335-bb8d-0b780a8f7020 boy 2000
[update] boy-george 7e21ae0d-5bb0-4d8a-a1a4-4f172c106234 Boy George
[update] boy-harsher d9e65f92-dbf8-4113-a10f-a864ae85b769 Boy Harsher
[update] boy-in-space 40103edf-0dc5-4f63-8d80-48c913e6bf5b Boy In Space
[update] boy-loco 58513772-ce48-47a3-bcbb-95169ad94e17 BOY LOCO
[update] boy-meets-girl 34f57983-eebf-447f-8547-b5503248ae79 Boy Meets Girl
[update] boy-pablo b36b21dd-1ad2-428f-b955-78781c64a36f boy pablo
[update] boy-soda e26ea22b-a5e7-4771-a87e-f0b2ae8bfbfa BOY SODA
[update] boy-throb e2cdfa9a-8549-4d61-a0be-435c3a0b5a0d Boy Throb
[update] boyce-avenue 2446031d-c814-430d-996c-61f800e11e16 Boyce Avenue
[update] boygenius f92b787d-2672-4a8a-91b6-adeea3323224 boygenius
[update] boykinz ba53a579-006a-4d82-ace0-1e0358e94770 The BoykinZ
[update] boys-like-girls 18c68511-5f65-4954-9361-84dbbea6d744 BOYS LIKE GIRLS
[update] boys-noize a68c7753-51ac-4093-ad23-75f722f88427 Boys Noize
[update] boys-of-fall 45cf8827-7c71-4e0c-8a6b-1ff65f4e0cff Boys Of Fall
[update] boys-world 71ae1358-aaea-4652-b0ce-662bc119e65f Boys World
[update] boytoy 35058f55-4ce9-4d45-aeb4-0e132931a5ef Boytoy
[update] boywithuke 4e2cb692-7926-4c70-8ec5-f18ade293b7b BoyWithUke
[update] boyz-ii-men decb8687-3927-40a1-aa13-85096253038a Boyz II Men
[update] boyzlife b1146760-ea75-4f36-8a15-4a5f1f08ecba Boyzlife
[update] boyzone 340affbd-74d6-43a1-aad8-322aee3ddec7 Boyzone
[update] brabo-gator 95c8427c-c1dc-4da7-bdbc-35c34a2c56d7 Brabo Gator
[update] bradley-cooper 6083de0f-5d30-4b11-96a3-2266e25be2fe Bradley Cooper
[update] bradley-nowell 1992fca4-aeb7-4641-b4fb-7311c3d3a744 Bradley Nowell
[update] bradley-simpson 6be56edf-cfa0-43e9-8fd5-cafae18ce07d Bradley Simpson
[update] brady-watt 35c07a34-55e7-4834-9d3c-bc9d693707d2 Brady Watt
[update] braves f627743b-e373-48dd-b98d-95ddb6e23731 BRﾃ・ES
[update] braev 6a21efe6-8dd9-414d-9efd-29bff20503c7 Braev
[update] brainstorm 02811422-593c-471d-81ba-aff08cc63f88 BRAINSTORM
[update] braison-cyrus 3a93450c-dde5-46ea-9c0e-22761b54e0d2 Braison Cyrus
[update] brandi-carlile af1490c8-79f9-4def-ab84-a438c7600a9b Brandi Carlile
[update] brandon-boyd d3200e22-8624-4d4a-8871-7cf2b35b63ea Brandon Boyd
[update] brandon-flowers 4fd09014-2c1f-4f9c-865a-c9e218148e29 Brandon Flowers
[update] brandon-hart 74e67555-4774-4815-9efc-e8a11b8a9fa3 Brandon Hart
[update] brandon-lake 8f865e50-1dd9-43d3-94a4-d5bdaffdca10 Brandon Lake
[update] brandon-saller 20a12aa5-5378-4e4c-ac42-bdad5847f4f3 Brandon Saller
[update] brandy 163d2210-a717-4c50-9f81-e4ea5f85c0e5 Brandy
[update] brass-construction acc96acc-1b32-47d5-9052-29d99114929e Brass Construction
[update] braxton-cook ec4e7833-427f-4529-8c1d-4187651ac9be Braxton Cook
[update] braxtons 1a59c689-1f93-4df0-ba04-9e49c29a3628 The Braxtons
[update] breakbot be3e3599-f766-4b57-8c28-d9953cde64c4 Breakbot
[update] breakdown-of-sanity 2a0e578b-d7b7-4daa-8fbc-1b6244d7da21 Breakdown of Sanity
[update] breaking-benjamin 8f332a60-5c42-4076-b718-6f6ee7afc4a5 Breaking Benjamin
[update] breakwater 18b096a6-144e-43cf-9ae1-6d8b577aea59 Breakwater
[update] breathe 4bc9c2d2-2938-474e-bb20-3b96aae4e525 Breathe
[update] bree-runway e9bfcc8b-6c01-41d3-b4d7-28413baf4e4b Bree Runway
[update] breezee 53ca81c0-c1e6-480a-bdce-9ffffcb1a24b Breezee
[update] breland 53334a40-6530-4736-b12b-ec6e158635d7 BRELAND
[update] brenda-lee 28f50079-a414-4767-a3f2-4cb26642fc25 Brenda Lee
[update] brendan-yates 59920f5f-73f2-444c-b182-e8c30537aaf0 Brendan Yates
[update] brendon-urie 6296cd12-b0af-40c8-aec5-8b967a3ae631 Brendon Urie
[update] brent-faiyaz 3a361192-3cef-4b51-8030-20ef6d772219 Brent Faiyaz
[update] breskii e8ff90a5-b60d-4389-8eeb-a19d71551fa7 Breskii
[update] brett-eldredge 3aadc949-4d60-40e6-8be0-30d663016947 Brett Eldredge
[update] brett-young 8d11f200-45ec-4b67-b4f9-00be197438d8 Brett Young
[update] bri-steves 8232d0cd-f542-480b-b337-d1cd42c46a9b Bri Steves
[update] bria-lee 2590839c-01d4-4ad4-8aad-80a4020768bc Bria Lee
[update] brian-aubert 4fccbf12-66b8-4968-942c-798b3e1216ad Brian Aubert
[update] brian-bennett 0e248e6b-9dc4-4991-b41e-6565f1d2324a Brian Bennett
[update] brian-eno cf525542-0c3e-4e0e-9394-8926ab4c97b5 Brian Eno
[update] brian-may 4b9705b7-454e-4540-8923-d67066b6f121 Brian May
[update] brian-mcfadden e4ffbd4d-a053-4870-aa9c-d89f4411b89d Brian McFadden
[update] brian-mcknight 8fd9f2a8-168d-4343-b7b7-d75fe41a57a8 Brian McKnight
[update] brian-setzer c681eda9-b779-44bd-a51b-c4b6d51f4a16 Brian Setzer
[update] brick 70159622-cf80-44a5-8fc0-77f68805f1d4 Brick
[update] brides-of-funkenstein 0a645180-0620-4092-87e4-8cbb5ed751d4 The Brides Of Funkenstein
[update] bridge-city-sinners fbb9ef05-2245-4a0d-9f40-bc94c650e738 The Bridge City Sinners
[update] bridges-ablaze 8fe70ee8-e07a-4252-b743-dca7aee5dd34 Bridges Ablaze
[update] bridget-cady 331d88b0-a963-45ea-9685-91a32af79a73 Bridget Cady
[update] brieanna-grace 9dc2054e-1844-42c6-8bd7-e046dc31352f Brieanna Grace
[update] bright 1116a425-f4f8-4b55-82e2-789172ac72ba BRIGHT
[update] brigitte-calls-me-baby 07a34006-2494-4016-ab68-ccdd722cdd5b Brigitte Calls Me Baby
[update] bring-me-the-horizon 70ca1df9-fd65-47e3-b489-c03f637b4499 Bring Me The Horizon
[update] britney-manson d28c2040-88c5-4d6c-8df6-7c6cf8b34e51 Britney Manson
[update] britney-spears ceac47e2-d93c-4c45-8cc9-0f3e69166737 Britney Spears
[update] britta-gortz 445c2b30-3128-4535-99d2-ce37e239b1dc Britta Gﾃｶrtz
[update] brittany-broski 81793b9a-5b52-44af-b82f-82a81ec5a600 Brittany Broski
[update] brittany-howard 51779c4e-2ac4-482b-bd66-381d29504537 Brittany Howard
[update] brittney-spencer 65fd54e5-af00-4797-8777-a327f1575ffd Brittney Spencer
[update] britton c11a5fd6-de07-4e1b-a1ca-3e920d128066 Britton
[update] broadside 66208000-5122-4e30-a9f3-67cd5fb30ee3 Broadside
[update] brockhampton cba133ec-7691-48ac-9a4e-8a2cb1c8620a BROCKHAMPTON
[update] brody-dalle c9b6908b-c98c-4033-b190-4e2b149ccee6 Brody Dalle
[update] broken-bells eef36d57-349f-423e-aff4-14d28157932f Broken Bells
[update] broken-peach b62d4e26-7392-4f56-8fa4-ca2d2e96e654 Broken Peach
[update] broken-social-scene 4795136b-b28a-46f9-8fe2-030087953001 Broken Social Scene
[update] broken-view 9b08ba08-b5ae-4aab-a83e-ff9294989c4d Broken View
[update] bronski-beat 8496b060-90ea-4985-9fa9-9594d1c14cf1 Bronski Beat
[update] brooke-alexx 85eef983-1838-4609-ac6b-b29103deb4a0 Brooke Alexx
[update] brooke-candy fcddc39c-7a8b-48a2-99ed-c641e118c508 Brooke Candy
[update] brooke-combe a7e628de-99fa-43e5-a7cf-a204552bddd2 Brooke Combe
[update] brother-d 551427e7-d8ae-4aeb-8c4c-7f477815e1e1 Brother D
[update] brothers-johnson 80279788-a64d-447e-a75a-9ebf882c3b08 The Brothers Johnson
[update] brothers-of-metal fa07d1e4-08ba-43b1-b783-9fd26d3ed8a9 Brothers of Metal
[update] browning 7b73fe91-8524-426f-af7d-e5c99a5b0bfc The Browning
[update] brs-kash 4d758e87-836b-4069-b97d-a514e359b6ea BRS Kash
[update] bru-c b1a9d300-20a3-4e7e-bda0-231cb61575a2 Bru-C
[update] bruce-dickinson dcafe03f-7f5e-46f4-83ce-7d7ae3a7e1b2 Bruce Dickinson
[update] bruce-hornsby 6e8ccda3-ea84-4a7e-a357-bee88022bb7a Bruce Hornsby
[update] bruce-springsteen 328a405e-44e6-419e-9c43-b6bca65e8ca4 Bruce Springsteen
[update] bruiser-wolf 0e769505-2fb2-4189-a22e-bf0334427629 Bruiser Wolf
[update] bruklin 8a4c566e-d425-4647-b99f-951772a6692a Bruklin
[update] brunette 57bf84bb-d09d-4cf7-9055-c934d746bd59 BRUNETTE
[update] bruno-mars 8f97ff08-648d-495f-bfbd-39de4784916b Bruno Mars
[update] bruses 8bef0af5-f7a7-4009-89ff-461e8fc496b7 Bruses
[update] brutalismus-3000 3bc2b929-d8b7-4542-a100-fbdafcd8dc1e Brutalismus 3000
[update] brutus 34a9f364-f418-4b55-a5d9-6ffa1c21386e Brutus
[update] bryan-adams 6b73f0cc-9eab-4ffb-b993-b1feacec372b Bryan Adams
[update] bryan-ferry 31988a9e-bb73-40b5-bc8f-063cac08bc35 Bryan Ferry
[update] bryant-barnes c0d90948-e5eb-4166-b457-ee79ff6d9b0b Bryant Barnes
[update] bryce-vine 872bfd43-1a74-4e3f-aa97-ec1851c192dc Bryce Vine
[update] brye 95ed4291-f618-46f6-9f0b-bbb7e4089a88 Brye
[update] brynn-cartelli b36a823c-3c57-4fac-ae88-296548e015b2 Brynn Cartelli
[update] bryson-tiller 661a8191-0bb2-4ac4-8fc8-558e3d6b9cb2 Bryson Tiller
[update] bt 36820a67-38f1-4b79-91d6-6be0c84da85a BT
[update] bts 80185c9d-8fd0-47f9-927f-dedabd6c51bd BTS
[update] buckcherry 2a449b43-5c10-43d7-9a67-d8dd44dd3171 Buckcherry
[update] buckshot fb26eed9-9beb-4409-9f5d-52b9769ff68a Buckshot
[update] buddy c1b5f6ea-a1d4-425f-83b2-dcfa4305cf29 Buddy
[update] buddy-guy b64bd87c-a37f-4142-9c98-de24e6d9837e Buddy Guy
[update] buggles 0826bb17-4a38-468d-a7df-38be2236ffe7 The Buggles
[update] bugle 1f22390c-6942-4ace-b397-4e8aa17e5d6d Bugle
[update] bugoy-drilon 75215081-6805-4b26-92b6-b62cbd24a5fd Bugoy Drilon
[update] bugzy-malone 9e614981-032d-4a89-b7a8-bf99b149f800 Bugzy Malone
[update] buju-banton 4f442412-7f99-42f8-a6c3-61c7cb7d6f95 Buju Banton
[update] bullet 36a4896d-db19-408d-8d35-2ac75be8bd7e Bullet
[update] bullet-for-my-valentine cbc945e6-8d2c-4132-9726-6dfe67ce1fa1 Bullet For My Valentine
[update] bully f6905372-9786-4ae9-a455-f3891eefa383 Bully
[update] bullysongs fbabda66-405d-40bb-b929-46685a3becab BullySongs
[update] bulow e7b55f29-f9af-4096-b79c-db29e43efaa8 bﾃｼlow
[update] bump-j 6cbd3f94-c35a-4ce0-9d20-628ed88d4d85 Bump J
[update] bumpin-uglies 9f499abb-35bf-471e-b860-b1092ab3900b Bumpin Uglies
[update] bun-b fe7a0b8d-6d82-4f48-aabf-5eaffe2f58b1 Bun B
[update] bunny-the-bear bfa74960-b4f1-41b7-adf8-9573dabefcc2 Bunny The Bear
[update] bunny-x aa157021-bcac-49aa-9dc2-6c4192b49f9e Bunny X
[update] bunt ebed9d54-d1d6-43f7-a574-b255a094a06f BUNT.
[update] burak-yeter 25d36f8a-1c1f-48d0-8566-e19bca24cdf4 Burak Yeter
[update] burna-boy ae748680-97d1-4a8b-9ab6-f7afcdd333a1 Burna Boy
[update] burning-witches 5411a6b8-0017-4dc6-bd82-c148bc79c47f BURNING WITCHES
[update] bury-tomorrow cb9d3869-285c-4c78-a62a-60a096440f9d Bury Tomorrow
[update] bush 8b5ea2bc-a335-4fda-91ee-7e174bb37c6e Bush
[update] bushoke 1d3da58a-650c-4f78-b333-7da17e66dabf Bushoke
[update] busta-rhymes 11ca0d09-0585-4bf5-a13a-97a46cae591d Busta Rhymes
[update] busy-signal ae7d5b3d-322b-4ea4-a9a2-872c82581f47 Busy Signal
[update] butcher-babies 8a1cee4f-f035-4796-b0fb-77a732feca2a Butcher Babies
[update] butcher-sisters bc835b3d-6825-401c-9852-1092e2320cd5 The Butcher Sisters
[update] butter-and-the-genre d67ba06c-3b78-4df4-86b8-13226dc25c96 Butter and the Genre
[update] buzzcocks 0d676df2-f8fa-4c7e-a92f-ed9ecb54aac6 Buzzcocks
[update] bxrrell e0e9613e-2335-414e-806a-d3cfda46eec8 BXRRELL
[update] byrds a569bc06-5f0e-4c1b-a15a-5d7547ec8bc1 The Byrds
[update] byron-messia 65d0be71-3215-4df1-a9d1-4362bbd3a233 Byron Messia
[update] c-j-co 1df59e27-0c3b-4066-8ecc-8b16a75ad8ac C.J & Co.
[update] ca7riel-paco-amoroso 68fa7a94-039d-4391-acae-be79590e0209 CA7RIEL & Paco Amoroso
[update] cabaret-voltaire b2081a3c-58af-487a-be85-a31ef0f74a57 Cabaret Voltaire
[update] cable 5f78bd73-bdf5-4c23-a1e6-5b3278a50434 CABLE
[update] cacks 200617dc-9769-4658-8f9a-4b52f8257973 Cacks
[update] caddillac-tah 0ac7c54f-9a99-4285-a3c7-374e73b32e45 Caddillac Tah
[update] cafune 98c2f626-5be0-4b3d-b8f9-fc51e07109b5 Cafunﾃｩ
[update] cage-the-elephant a071852d-b591-4688-bcef-000e1688b332 Cage The Elephant
[update] caitlynne-curtis 04138d96-dda1-4b2c-819f-9e0b6ebb8c8b Caitlynne Curtis
[update] caity-baser 46c651f1-3185-4502-b5ac-09f638aaff5c Caity Baser
[update] cake 5fe62773-f874-45a0-a815-13d2b138a837 The CAKE
[update] cal-scruby b13347ec-79c3-4f75-87fc-1d34cde32b58 cal scruby
[update] calboy 2a137373-8914-4a44-b614-cbba79d05c46 Calboy
[update] caleb-gordon 91e141dc-2b4e-4448-bae6-a0d400ec9ff4 Caleb Gordon
[update] caleb-hearn 40a613ac-2dc9-49e5-96c8-db0d732ef471 Caleb Hearn
[update] caleb-shomo 60b9c304-58ab-4ac1-ae14-8504199c4a01 Caleb Shomo
[update] call-me-karizma 5bb73c01-b983-46e1-b5fc-a4d152744890 Call Me Karizma
[update] calling fa5eb6f9-6a34-470d-897d-5302697aa594 The Calling
[update] calling-all-captains 6f00ac0f-be92-4cbf-bd92-e0212a3180f9 Calling All Captains
[update] calum-hood 0c195b0d-029e-465e-a616-d40218e16820 Calum Hood
[update] calum-scott cd3c1c88-2163-40f9-adf3-bb88f2f25800 Calum Scott
[update] calva-louise 047304e2-9ce3-41ec-9bb6-0fe81bcf9e79 Calva Louise
[update] calvin-harris 4a94ac25-1ed0-41dd-b658-71f44ff463b0 Calvin Harris
[update] cam-cole 8dcf827c-53cf-4867-b706-f36df7d0c704 Cam Cole
[update] cam-obi 03772eb3-045e-41b0-a722-4d8434ca7de1 Cam O'Bi
[update] cam-wales bd64ee64-ee88-4c26-9b5a-9e9e8167ccf5 Cam Wales
[update] camden-cox 40b07d0a-2a39-49ac-9b45-7a269db99ac0 Camden Cox
[update] camel-power-club 4877cb4e-1dba-4af5-a1e3-58ae10e091d1 Camel Power Club
[update] camelphat 95df1788-f07f-4897-b92c-749c5afcc9be CamelPhat
[update] cameron-warren ebebb895-0ed6-4bf0-8c6d-c5032ac5fc53 Cameron Warren
[update] cameron-whitcomb 5f1cc18f-7045-440d-b6c3-72477d5f9f20 Cameron Whitcomb
[update] camila-cabello 133c1822-c5af-49cc-b958-b06fb1e74581 Camila Cabello
[update] camouflage e225f667-7eae-4e1b-9f22-e857f9f74f25 Camouflage
[update] campbell f0d60fe8-9ac3-492b-82a3-80c1652e63bd Campbell
[update] campino 81d6fbe5-131f-4b7e-b6e9-044125fb3e82 Campino
[update] canaan-cox 69c8cabe-b4f5-4fba-8b29-9b7a38d6db12 Canaan Cox
[update] canada-soccer 188b2b87-391c-4849-9d04-337f00ea9297 Canada Soccer
[update] cancer-bats 6f6f2398-8988-49f5-9e72-a3b2825677c4 Cancer Bats
[update] candi-carpenter 1af8e4d2-db2f-430d-b273-70db30a2c522 Candi Carpenter
[update] candice-night de53f2b1-6880-4bf1-878c-03fca0f5836e Candice Night
[update] candice-pillay d880a4c3-b00e-4fc5-b1b7-8722bfd41139 Candice Pillay
[update] candy-dulfer 53f29782-9da7-4654-8c2c-b16ddf185436 Candy Dulfer
[update] cannons 46124206-a2ee-48b8-a8c7-1d029cbc45c7 Cannons
[update] capri 53bc2f2f-75b9-4cd3-bc06-ddd0af7ed2df Capri
[update] capri-everitt 77a6e1b2-81fd-4180-abd7-c70a80e8d075 Capri Everitt
[update] captain-tennille e9c66709-313e-4aa3-a033-ea7d1055b44e Captain & Tennille
[update] cara-delevingne a731977f-92a7-49de-b56c-357a946cfb16 Cara Delevingne
[update] caravan-palace 41e88e21-2454-4ee2-b353-ea1d71e32c8c Caravan Palace
[update] cardi-b 6a1b7aa8-6a43-42d3-81ef-a12dcfa51e1e Cardi B
[update] cardiacs 89623ca2-b213-4969-993f-22f2210ab0be CARDIACS
[update] cardigans 45572db7-d8d7-4181-8081-89fa5e2cfaa9 The Cardigans
[update] cardinal-black 6854e115-f8d9-4844-9e9e-6a21d32b710b Cardinal Black
[update] cardinals 7d364c3f-e36d-40bf-8f7a-0f0d779482bb Cardinals
[update] cardo-got-wings a6d37ed4-8a08-47f3-8f7e-62537a63d6e5 Cardo Got Wings
[update] caribou 9a4c050d-8cc8-4122-a021-1ea4585f0e51 CARIBOU
[update] carin-leon 0bc7e949-4f4f-4155-8649-0df24ddcde26 Carﾃｭn Leﾃｳn
[update] carl-brave 0a51151d-65d6-4608-96bf-1435a93ffdaa Carl Brave
[update] carl-cox 3328e7f7-c8e8-4a8b-b43f-e4f53dda8b9c Carl Cox
[update] carlie-hanson 44f2b69a-f3d7-4ee1-9a84-dfc53dbc18f5 Carlie Hanson
[update] carlita 945d9b69-fb86-4abb-bc03-db96e5f87481 Carlita
[update] carly-pearce 9b6a7f45-bb15-442a-95f3-149fa73f353f Carly Pearce
[update] carly-rae-jepsen 3cabf9bf-3d7c-488b-a6c1-16e910df52c4 Carly Rae Jepsen
[update] carly-simon cd56d228-5d72-4fe9-a2af-350facf47151 Carly Simon
[update] carmel-buckingham ed7f10f5-b555-471b-baa3-d11fbbbf81db Carmel Buckingham
[update] carmeria 28b325e2-1ae3-4d20-8c17-a5c2eff6f5d1 CARMERIA
[update] carole-king b2b0665a-07fc-4054-9568-23dca52e638c Carole King
[update] carolesdaughter aed41503-23e8-4036-86c6-5f82d0ae6452 carolesdaughter
[update] carolina-liar 8b00a787-07b4-496e-8261-4eed7ac65138 Carolina Liar
[update] caroline-byrne 4d6352fd-ba3e-4330-8de0-26ea7cd66528 Caroline Byrne
[update] caroline-jones 5d647125-f29d-4e2e-9a40-c193d02a52e8 Caroline Jones
[update] caroline-polachek 2414e11e-a5f2-4965-949a-7dcc063505b2 Caroline Polachek
[update] carolyn-malachi e78cdf4e-c710-4a72-bba5-59cfd0225992 Carolyn Malachi
[update] carpe-diem eb3c8ecd-a993-40bd-ba86-2b29bd9b3b5f Carpe Diem
[update] carpenter-brut ee21338c-045f-4052-961b-c00b001daa4a Carpenter Brut
[update] carpenters 70f70eff-982c-4089-81dc-c1ae2d12d50e The Carpenters
[update] carpetman 47900f94-d9c9-4aea-b3eb-439c8992912e Carpetman
[update] carrie-underwood cd7ebcc9-717b-41c4-a72e-b2594f67f4ac Carrie Underwood
[update] cars 73d9b150-6e97-402e-a510-33e287f5b486 The Cars
[update] carter-faith 1a8af369-2ab7-44ca-a165-84a881e9ecc3 Carter Faith
[update] carter-vail 1e808ff4-4a90-431c-975d-84171256e645 Carter Vail
[update] cascada 81b9f170-ca85-4758-b7a9-4edbc67e30c4 Cascada
[update] casey-baer af1b3bff-d590-42e6-b300-c7ba87cd7990 Casey Baer
[update] cash-cobain aa9e1bd4-705e-4e9b-b15c-8fcb2ae74873 Cash Cobain
[update] casper d519c397-7a49-48fd-855a-9d66df300d7b Casper
[update] cassadee-pope 82538893-ccc3-4c82-857d-ef5c7f15c5a6 Cassadee Pope
[update] cassandra-jenkins 459b670b-4fd7-4816-87ac-82ed62dc258d Cassandra Jenkins
[update] cassidy-paris 29a42654-6690-4161-83a7-3103d5b96800 Cassidy Paris
[update] casso 5c5c098d-314f-4223-bbd6-f08274c48cbd Cassﾃｶ
[update] cassper-nyovest 8375fcd9-1750-449a-ba5e-3b3987f74522 Cassper Nyovest
[update] cast ee3326ef-facf-4554-b14e-ff812ed2f17e Cast
[update] castellows b65a3656-9702-4a59-b081-e0e2500114c2 The Castellows
[update] castle-rat c4994aa9-f673-43f6-a8ae-3c8275e3580f Castle Rat
[update] cat-burns 76b0d10e-f220-4aa3-9c20-ae664e356210 Cat Burns
[update] cat-empire 22d6fbb8-d460-4e1c-b933-57d42d8f1d72 Cat Empire
[update] cat-janice e8d85462-b700-4b90-9f69-ff799fc3eb9b Cat Janice
[update] cat-power 56bf7048-df62-48d1-b488-6d8d22f2167d Cat Power
[update] cataracs 9fcf4ff0-f1b0-4130-957e-47eacac92399 The Cataracs
[update] catatonia 08183941-08f8-4674-b063-ad24a35dbe98 Catatonia
[update] catch-your-breath 5bac205e-07ce-4c2d-97c1-88afb12ec190 Catch Your Breath
[update] cate-le-bon 88262538-3348-4da9-a2b2-84727d8f3a80 Cate Le Bon
[update] cathy-dennis f01c3663-06cd-436f-9392-872a41040df5 Cathy Dennis
[update] cautious-clay d094ad88-a14d-456f-86d4-00897cd510d4 Cautious Clay
[update] cavalera-conspiracy 654df292-34c1-4f74-9f35-c730bac9ef49 Cavalera Conspiracy
[update] cavetown 1d33fdc8-46dd-4082-b62e-a2cf02a653c4 Cavetown
[update] cece 8380679d-292e-47c7-9005-c4d7f580357c CeCe
[update] cecile-believe 4eb72f82-6e0e-4b52-bb89-e51816595052 Cecile Believe
[update] cedric-gervais 2c2bc825-77c2-457d-92d4-dc8c194ab073 Cedric Gervais
[update] ceelo-green 57f3b609-0ed8-494f-8061-ed7a69d35b27 CeeLo Green
[update] celeste d634d0d6-d517-4317-811a-7e04898cba15 Celeste
[update] celeste-buckingham 66eb8340-c7bb-4eaf-b12b-248e7ef7058c Celeste Buckingham
[update] celine-dion 906a1d81-6f7e-448b-a66f-fea78a07df9b Cﾃｩline Dion
[update] celldweller 58b22d45-d5f7-4e75-88c4-a4ae8e02661e Celldweller
[update] celtian b811b160-a382-4cdb-beb7-05d611b8e432 CELTIAN
[update] cemetery-skyline 1f709263-6a0a-4fcc-927a-0c138c64c9b7 CEMETERY SKYLINE
[update] central-cee 8c085d6c-aec6-459f-a439-d21ea9d6c0ff Central Cee
[update] ceranda dacc6651-d029-45c8-9b5f-5c799fb18aca CERANDA
[update] ceres b90da7cc-cf1a-4f65-86e5-0fde8ca7d5ca CERES
[update] cerrone 75f8c412-3659-44e2-b876-97ca298780a2 Cerrone
[update] cg5 eae1022d-bd83-49cb-a9f6-f419d3518a4a CG5
[update] chace eb1cdef8-952d-4d88-b9ee-ca797a18a84e Chace
[update] chad-hugo 434089f5-92ba-4e5b-ad7c-5d58c218ba0e Chad Hugo
[update] chad-kroeger e4152ffd-74fd-4662-a889-e64f3d6e2371 Chad Kroeger
[update] chai 3915a88a-eddd-4977-83db-982a378b24da CHAI
[update] chainsmokers f3880aa8-8d87-42f1-ab00-2bc90eb61a5c The Chainsmokers
[update] chaka-khan d01c97b0-3ce1-42cc-9808-bd41dcd616b3 Chaka Khan
[update] chali-2na f6ccab62-5d73-476a-9178-cf31956ad337 Chali 2na
[update] chalk 31165221-e571-4e45-bd35-5ecfb1db17a9 Chalk
[update] chamillionaire ffde32e3-fab9-4100-bca3-e5e104d2cec2 Chamillionaire
[update] chance-pena ec370f31-cdd3-44c1-85ab-f24fbf890630 Chance Peﾃｱa
[update] chance-the-rapper e0705e64-3fb9-4eee-ac31-dcf2004413e8 Chance The Rapper
[update] chandler-leighton 0c72ac05-d115-4840-94f7-1fe6a8fd6950 Chandler Leighton
[update] chanel-west-coast e89199b9-3985-474c-9fff-4c2103bc518d Chanel West Coast
[update] change 91de428a-1fa8-45b0-befa-0c4825a548a1 Change
[update] channel-tres 55cbf0ef-3d73-42f3-975d-2b3d42a67346 Channel Tres
[update] channy-leaneagh 5b38a23e-8ea0-455c-99c0-fa80bde2de62 Channy Leaneagh
[update] chappell-roan 8dfa3267-4881-41bb-a5a5-994adf035bb3 Chappell Roan
[update] charlatans ecd24b4d-5ccf-41c9-b1af-92028a3383e6 The Charlatans
[update] charlee-brooks 5805c8f8-9819-463a-b884-951ee5c44a8e Charlee Brooks
[update] charley-crockett 9f9e05a1-f77d-4f96-acef-b48ea7f0a5df Charley Crockett
[update] charli-xcx 1990f746-2ca2-4a62-b375-ac7a1c98e32d Charli XCX
[update] charlie-choppa 0e78da2e-bc2a-445c-b44b-7f1cb86325a9 Charlie Choppa
[update] charlie-jeer 5db10d84-7efe-4e1c-b2bb-d2d3e62ae84b Charlie Jeer
[update] charlie-puth a4062e29-1538-4d3f-ae49-2e620e3bb200 Charlie Puth
[update] charlie-rolfe 647037b7-db6d-4b2b-aae7-1b555ba9337b Charlie Rolfe
[update] charlie-sexton 3a9dcaee-4576-4a29-b93f-fd3818692f95 Charlie Sexton
[update] charlie-simpson 2d88c121-1b2a-4537-b31e-f7cac5bae7f2 Charlie Simpson
[update] charlie-wilson 5dc30968-7cad-4278-bbf1-ad88469b8443 Charlie Wilson
[update] charlieonnafriday 148fa8e2-1754-4f5f-b54f-cee5d7563fd6 charlieonnafriday
[update] charlotte-cardin 08704085-d5f9-4dd3-be87-d5a51c54d06f Charlotte Cardin
[update] charlotte-day-wilson a9f42952-0349-4aae-8d16-9f757dbe7c35 Charlotte Day Wilson
[update] charlotte-de-witte fb480869-903e-471f-8192-977e10b16507 Charlotte de Witte
[update] charlotte-lawrence 88636fde-c258-4f3a-a7e2-80dc138b86c8 Charlotte Lawrence
[update] charlotte-plank f915e35d-a9ff-46c8-ae9a-3cc59df1abaa Charlotte Plank
[update] charlotte-sands 8bdd2664-827d-40e5-a83d-942e77760a33 Charlotte Sands
[update] charlotte-wessels f6c86c3a-f47a-45ef-a3ee-552867f3e39c Charlotte Wessels
